Archive member included to satisfy reference by file (symbol)

/usr/lib/gcc/arm-none-eabi/9.2.1/thumb/v6-m/nofp/libgcc.a(_dvmd_tls.o)
                              CMakeFiles/dma_spi.dir/home/debjit/rpi-pico/pico-sdk/src/rp2_common/pico_divider/divider.S.obj (__aeabi_idiv0)
/usr/lib/gcc/arm-none-eabi/9.2.1/../../../arm-none-eabi/lib/thumb/v6-m/nofp/libc.a(lib_a-atexit.o)
                              /usr/lib/gcc/arm-none-eabi/9.2.1/../../../arm-none-eabi/lib/thumb/v6-m/nofp/crt0.o (atexit)
/usr/lib/gcc/arm-none-eabi/9.2.1/../../../arm-none-eabi/lib/thumb/v6-m/nofp/libc.a(lib_a-calloc.o)
                              CMakeFiles/dma_spi.dir/home/debjit/rpi-pico/pico-sdk/src/rp2_common/pico_malloc/pico_malloc.c.obj (calloc)
/usr/lib/gcc/arm-none-eabi/9.2.1/../../../arm-none-eabi/lib/thumb/v6-m/nofp/libc.a(lib_a-callocr.o)
                              /usr/lib/gcc/arm-none-eabi/9.2.1/../../../arm-none-eabi/lib/thumb/v6-m/nofp/libc.a(lib_a-calloc.o) (_calloc_r)
/usr/lib/gcc/arm-none-eabi/9.2.1/../../../arm-none-eabi/lib/thumb/v6-m/nofp/libc.a(lib_a-fini.o)
                              /usr/lib/gcc/arm-none-eabi/9.2.1/../../../arm-none-eabi/lib/thumb/v6-m/nofp/crt0.o (__libc_fini_array)
/usr/lib/gcc/arm-none-eabi/9.2.1/../../../arm-none-eabi/lib/thumb/v6-m/nofp/libc.a(lib_a-impure.o)
                              /usr/lib/gcc/arm-none-eabi/9.2.1/../../../arm-none-eabi/lib/thumb/v6-m/nofp/libc.a(lib_a-calloc.o) (_impure_ptr)
/usr/lib/gcc/arm-none-eabi/9.2.1/../../../arm-none-eabi/lib/thumb/v6-m/nofp/libc.a(lib_a-init.o)
                              /usr/lib/gcc/arm-none-eabi/9.2.1/../../../arm-none-eabi/lib/thumb/v6-m/nofp/crt0.o (__libc_init_array)
/usr/lib/gcc/arm-none-eabi/9.2.1/../../../arm-none-eabi/lib/thumb/v6-m/nofp/libc.a(lib_a-malloc.o)
                              CMakeFiles/dma_spi.dir/home/debjit/rpi-pico/pico-sdk/src/rp2_common/pico_malloc/pico_malloc.c.obj (malloc)
/usr/lib/gcc/arm-none-eabi/9.2.1/../../../arm-none-eabi/lib/thumb/v6-m/nofp/libc.a(lib_a-mallocr.o)
                              /usr/lib/gcc/arm-none-eabi/9.2.1/../../../arm-none-eabi/lib/thumb/v6-m/nofp/libc.a(lib_a-callocr.o) (_malloc_r)
/usr/lib/gcc/arm-none-eabi/9.2.1/../../../arm-none-eabi/lib/thumb/v6-m/nofp/libc.a(lib_a-mlock.o)
                              /usr/lib/gcc/arm-none-eabi/9.2.1/../../../arm-none-eabi/lib/thumb/v6-m/nofp/libc.a(lib_a-mallocr.o) (__malloc_lock)
/usr/lib/gcc/arm-none-eabi/9.2.1/../../../arm-none-eabi/lib/thumb/v6-m/nofp/libc.a(lib_a-sbrkr.o)
                              /usr/lib/gcc/arm-none-eabi/9.2.1/../../../arm-none-eabi/lib/thumb/v6-m/nofp/libc.a(lib_a-mallocr.o) (_sbrk_r)
/usr/lib/gcc/arm-none-eabi/9.2.1/../../../arm-none-eabi/lib/thumb/v6-m/nofp/libc.a(lib_a-strlen-stub.o)
                              CMakeFiles/dma_spi.dir/home/debjit/rpi-pico/pico-sdk/src/rp2_common/pico_stdio/stdio.c.obj (strlen)
/usr/lib/gcc/arm-none-eabi/9.2.1/../../../arm-none-eabi/lib/thumb/v6-m/nofp/libc.a(lib_a-__atexit.o)
                              /usr/lib/gcc/arm-none-eabi/9.2.1/../../../arm-none-eabi/lib/thumb/v6-m/nofp/libc.a(lib_a-atexit.o) (__register_exitproc)
/usr/lib/gcc/arm-none-eabi/9.2.1/../../../arm-none-eabi/lib/thumb/v6-m/nofp/libc.a(lib_a-freer.o)
                              /usr/lib/gcc/arm-none-eabi/9.2.1/../../../arm-none-eabi/lib/thumb/v6-m/nofp/libc.a(lib_a-malloc.o) (_free_r)
/usr/lib/gcc/arm-none-eabi/9.2.1/../../../arm-none-eabi/lib/thumb/v6-m/nofp/libc.a(lib_a-reent.o)
                              /usr/lib/gcc/arm-none-eabi/9.2.1/../../../arm-none-eabi/lib/thumb/v6-m/nofp/libc.a(lib_a-sbrkr.o) (errno)

Allocating common symbols
Common symbol       size              file

sf_table            0x100             CMakeFiles/dma_spi.dir/home/debjit/rpi-pico/pico-sdk/src/rp2_common/pico_float/float_init_rom.c.obj
errno               0x4               /usr/lib/gcc/arm-none-eabi/9.2.1/../../../arm-none-eabi/lib/thumb/v6-m/nofp/libc.a(lib_a-reent.o)
_usbd_qdef_buf      0xc0              CMakeFiles/dma_spi.dir/home/debjit/rpi-pico/pico-sdk/lib/tinyusb/src/device/usbd.c.obj
sd_table            0x100             CMakeFiles/dma_spi.dir/home/debjit/rpi-pico/pico-sdk/src/rp2_common/pico_double/double_init_rom.c.obj
uart_char_to_line_feed
                    0x4               CMakeFiles/dma_spi.dir/home/debjit/rpi-pico/pico-sdk/src/rp2_common/hardware_uart/uart.c.obj

Discarded input sections

 .text          0x0000000000000000        0x0 /usr/lib/gcc/arm-none-eabi/9.2.1/thumb/v6-m/nofp/crti.o
 .data          0x0000000000000000        0x0 /usr/lib/gcc/arm-none-eabi/9.2.1/thumb/v6-m/nofp/crti.o
 .bss           0x0000000000000000        0x0 /usr/lib/gcc/arm-none-eabi/9.2.1/thumb/v6-m/nofp/crti.o
 .data          0x0000000000000000        0x4 /usr/lib/gcc/arm-none-eabi/9.2.1/thumb/v6-m/nofp/crtbegin.o
 .fini_array    0x0000000000000000        0x4 /usr/lib/gcc/arm-none-eabi/9.2.1/thumb/v6-m/nofp/crtbegin.o
[...]
Memory Configuration

Name             Origin             Length             Attributes
FLASH            0x0000000010000000 0x0000000000200000 xr
RAM              0x0000000020000000 0x0000000000040000 xrw
SCRATCH_X        0x0000000020040000 0x0000000000001000 xrw
SCRATCH_Y        0x0000000020041000 0x0000000000001000 xrw
*default*        0x0000000000000000 0xffffffffffffffff

Linker script and memory map

LOAD /usr/lib/gcc/arm-none-eabi/9.2.1/thumb/v6-m/nofp/crti.o
LOAD /usr/lib/gcc/arm-none-eabi/9.2.1/thumb/v6-m/nofp/crtbegin.o
LOAD /usr/lib/gcc/arm-none-eabi/9.2.1/../../../arm-none-eabi/lib/thumb/v6-m/nofp/crt0.o

.flash_begin    0x0000000010000000        0x0
                0x0000000010000000                __flash_binary_start = .

.boot2          0x0000000010000000      0x100
                0x0000000010000000                __boot2_start__ = .
 *(.boot2)
 .boot2         0x0000000010000000      0x100 /tmp/ccLaLuXd.o
                0x0000000010000100                __boot2_end__ = .
                0x0000000000000001                ASSERT (((__boot2_end__ - __boot2_start__) == 0x100), ERROR: Pico second stage bootloader must be 256 bytes in size)

.text           0x0000000010000100     0x7150
                0x0000000010000100                __logical_binary_start = .
 *(.vectors)
 .vectors       0x0000000010000100       0xd4 CMakeFiles/dma_spi.dir/home/debjit/rpi-pico/pico-sdk/src/rp2_common/pico_standard_link/crt0.S.obj
                0x0000000010000100                __vectors
                0x0000000010000100                __VECTOR_TABLE
                0x00000000100001c0                isr_invalid
                0x00000000100001c0                __default_isrs_start
                0x00000000100001c2                isr_nmi
                0x00000000100001c4                isr_hardfault
                0x00000000100001c6                isr_svcall
                0x00000000100001c8                isr_pendsv
                0x00000000100001ca                isr_systick
                0x00000000100001cc                isr_irq30
                0x00000000100001cc                __unhandled_user_irq
                0x00000000100001cc                isr_irq13
                0x00000000100001cc                isr_irq27
                0x00000000100001cc                isr_irq31
                0x00000000100001cc                isr_irq5
                0x00000000100001cc                isr_irq11
                0x00000000100001cc                isr_irq23
                0x00000000100001cc                isr_irq18
                0x00000000100001cc                isr_irq28
                0x00000000100001cc                isr_irq19
                0x00000000100001cc                isr_irq0
                0x00000000100001cc                isr_irq6
                0x00000000100001cc                isr_irq22
                0x00000000100001cc                isr_irq17
                0x00000000100001cc                isr_irq14
                0x00000000100001cc                isr_irq2
                0x00000000100001cc                isr_irq10
                0x00000000100001cc                isr_irq8
                0x00000000100001cc                isr_irq24
                0x00000000100001cc                isr_irq1
                0x00000000100001cc                isr_irq7
                0x00000000100001cc                isr_irq21
                0x00000000100001cc                isr_irq20
                0x00000000100001cc                isr_irq15
                0x00000000100001cc                isr_irq25
                0x00000000100001cc                isr_irq4
                0x00000000100001cc                isr_irq16
                0x00000000100001cc                isr_irq29
                0x00000000100001cc                isr_irq26
                0x00000000100001cc                __default_isrs_end
                0x00000000100001cc                isr_irq3
                0x00000000100001cc                isr_irq12
                0x00000000100001cc                isr_irq9
                0x00000000100001d2                unhandled_user_irq_num_in_r0
 *(.binary_info_header)
 .binary_info_header
                0x00000000100001d4       0x14 CMakeFiles/dma_spi.dir/home/debjit/rpi-pico/pico-sdk/src/rp2_common/pico_standard_link/crt0.S.obj
                0x00000000100001e8                __binary_info_header_end = .
 *(.reset)
 .reset         0x00000000100001e8       0xa8 CMakeFiles/dma_spi.dir/home/debjit/rpi-pico/pico-sdk/src/rp2_common/pico_standard_link/crt0.S.obj
                0x00000000100001e8                _entry_point
                0x0000000010000266                __get_current_exception
 .reset         0x0000000010000290       0x30 CMakeFiles/dma_spi.dir/home/debjit/rpi-pico/pico-sdk/src/rp2_common/pico_standard_link/binary_info.c.obj
 *(.init)
 .init          0x00000000100002c0        0x4 /usr/lib/gcc/arm-none-eabi/9.2.1/thumb/v6-m/nofp/crti.o
                0x00000000100002c0                _init
 *(EXCLUDE_FILE(*libm.a: *libc.a:*lib_a-mem*.o *libgcc.a:) .text*)
 .text          0x00000000100002c4       0x98 /usr/lib/gcc/arm-none-eabi/9.2.1/thumb/v6-m/nofp/crtbegin.o
 .text.startup.main
                0x000000001000035c      0x118 CMakeFiles/dma_spi.dir/dma_spi.c.obj
                0x000000001000035c                main
 .text.gpio_set_function
                0x0000000010000474       0x30 CMakeFiles/dma_spi.dir/home/debjit/rpi-pico/pico-sdk/src/rp2_common/hardware_gpio/gpio.c.obj
                0x0000000010000474                gpio_set_function
 .text.hw_claim_or_assert
                0x00000000100004a4       0x48 CMakeFiles/dma_spi.dir/home/debjit/rpi-pico/pico-sdk/src/rp2_common/hardware_claim/claim.c.obj
                0x00000000100004a4                hw_claim_or_assert
 .text.hw_claim_unused_from_range
                0x00000000100004ec       0x9c CMakeFiles/dma_spi.dir/home/debjit/rpi-pico/pico-sdk/src/rp2_common/hardware_claim/claim.c.obj
                0x00000000100004ec                hw_claim_unused_from_range
 .text.hw_claim_clear
                0x0000000010000588       0x38 CMakeFiles/dma_spi.dir/home/debjit/rpi-pico/pico-sdk/src/rp2_common/hardware_claim/claim.c.obj
                0x0000000010000588                hw_claim_clear
 .text.running_on_fpga
                0x00000000100005c0       0x10 CMakeFiles/dma_spi.dir/home/debjit/rpi-pico/pico-sdk/src/rp2_common/pico_platform/platform.c.obj
                0x00000000100005c0                running_on_fpga
 .text.spin_locks_reset
                0x00000000100005d0       0x1c CMakeFiles/dma_spi.dir/home/debjit/rpi-pico/pico-sdk/src/rp2_common/hardware_sync/sync.c.obj
                0x00000000100005d0                spin_locks_reset
 .text.next_striped_spin_lock_num
                0x00000000100005ec       0x18 CMakeFiles/dma_spi.dir/home/debjit/rpi-pico/pico-sdk/src/rp2_common/hardware_sync/sync.c.obj
                0x00000000100005ec                next_striped_spin_lock_num
 .text.spin_lock_claim_unused
                0x0000000010000604       0x20 CMakeFiles/dma_spi.dir/home/debjit/rpi-pico/pico-sdk/src/rp2_common/hardware_sync/sync.c.obj
                0x0000000010000604                spin_lock_claim_unused
 .text.timer_pool_entry_comparator
                0x0000000010000624       0x34 CMakeFiles/dma_spi.dir/home/debjit/rpi-pico/pico-sdk/src/common/pico_time/time.c.obj
                0x0000000010000624                timer_pool_entry_comparator
 .text.sleep_until_callback
                0x0000000010000658       0x30 CMakeFiles/dma_spi.dir/home/debjit/rpi-pico/pico-sdk/src/common/pico_time/time.c.obj
 .text.alarm_pool_add_alarm_at.constprop.0
                0x0000000010000688      0x128 CMakeFiles/dma_spi.dir/home/debjit/rpi-pico/pico-sdk/src/common/pico_time/time.c.obj
 .text.add_alarm_under_lock
                0x00000000100007b0      0x108 CMakeFiles/dma_spi.dir/home/debjit/rpi-pico/pico-sdk/src/common/pico_time/time.c.obj
 .text.alarm_pool_alarm_callback
                0x00000000100008b8      0x1c8 CMakeFiles/dma_spi.dir/home/debjit/rpi-pico/pico-sdk/src/common/pico_time/time.c.obj
 .text.alarm_pool_init_default
                0x0000000010000a80       0x64 CMakeFiles/dma_spi.dir/home/debjit/rpi-pico/pico-sdk/src/common/pico_time/time.c.obj
                0x0000000010000a80                alarm_pool_init_default
 .text.alarm_pool_get_default
                0x0000000010000ae4        0x8 CMakeFiles/dma_spi.dir/home/debjit/rpi-pico/pico-sdk/src/common/pico_time/time.c.obj
                0x0000000010000ae4                alarm_pool_get_default
 .text.alarm_pool_add_alarm_at
                0x0000000010000aec      0x1ac CMakeFiles/dma_spi.dir/home/debjit/rpi-pico/pico-sdk/src/common/pico_time/time.c.obj
                0x0000000010000aec                alarm_pool_add_alarm_at
 .text.sleep_until
                0x0000000010000c98       0xac CMakeFiles/dma_spi.dir/home/debjit/rpi-pico/pico-sdk/src/common/pico_time/time.c.obj
                0x0000000010000c98                sleep_until
 .text.sleep_ms
                0x0000000010000d44       0x38 CMakeFiles/dma_spi.dir/home/debjit/rpi-pico/pico-sdk/src/common/pico_time/time.c.obj
                0x0000000010000d44                sleep_ms
 .text.best_effort_wfe_or_timeout
                0x0000000010000d7c       0xd4 CMakeFiles/dma_spi.dir/home/debjit/rpi-pico/pico-sdk/src/common/pico_time/time.c.obj
                0x0000000010000d7c                best_effort_wfe_or_timeout
 .text.hardware_alarm_irq_handler
                0x0000000010000e50       0xb8 CMakeFiles/dma_spi.dir/home/debjit/rpi-pico/pico-sdk/src/rp2_common/hardware_timer/timer.c.obj
 .text.hardware_alarm_claim
                0x0000000010000f08       0x18 CMakeFiles/dma_spi.dir/home/debjit/rpi-pico/pico-sdk/src/rp2_common/hardware_timer/timer.c.obj
                0x0000000010000f08                hardware_alarm_claim
 .text.time_us_64
                0x0000000010000f20       0x14 CMakeFiles/dma_spi.dir/home/debjit/rpi-pico/pico-sdk/src/rp2_common/hardware_timer/timer.c.obj
                0x0000000010000f20                time_us_64
 .text.busy_wait_until
                0x0000000010000f34       0x20 CMakeFiles/dma_spi.dir/home/debjit/rpi-pico/pico-sdk/src/rp2_common/hardware_timer/timer.c.obj
                0x0000000010000f34                busy_wait_until
 .text.hardware_alarm_set_callback
                0x0000000010000f54       0x8c CMakeFiles/dma_spi.dir/home/debjit/rpi-pico/pico-sdk/src/rp2_common/hardware_timer/timer.c.obj
                0x0000000010000f54                hardware_alarm_set_callback
 .text.hardware_alarm_set_target
                0x0000000010000fe0       0xe4 CMakeFiles/dma_spi.dir/home/debjit/rpi-pico/pico-sdk/src/rp2_common/hardware_timer/timer.c.obj
                0x0000000010000fe0                hardware_alarm_set_target
 .text.hardware_alarm_cancel
                0x00000000100010c4       0x40 CMakeFiles/dma_spi.dir/home/debjit/rpi-pico/pico-sdk/src/rp2_common/hardware_timer/timer.c.obj
                0x00000000100010c4                hardware_alarm_cancel
 .text.lock_init
                0x0000000010001104       0x10 CMakeFiles/dma_spi.dir/home/debjit/rpi-pico/pico-sdk/src/common/pico_sync/lock_core.c.obj
                0x0000000010001104                lock_init
 .text.mutex_init
                0x0000000010001114       0x1c CMakeFiles/dma_spi.dir/home/debjit/rpi-pico/pico-sdk/src/common/pico_sync/mutex.c.obj
                0x0000000010001114                mutex_init
 .text.recursive_mutex_init
                0x0000000010001130       0x1c CMakeFiles/dma_spi.dir/home/debjit/rpi-pico/pico-sdk/src/common/pico_sync/mutex.c.obj
                0x0000000010001130                recursive_mutex_init
 .text.critical_section_init
                0x000000001000114c       0x1c CMakeFiles/dma_spi.dir/home/debjit/rpi-pico/pico-sdk/src/common/pico_sync/critical_section.c.obj
                0x000000001000114c                critical_section_init
 .text.ph_merge_nodes
                0x0000000010001168       0x68 CMakeFiles/dma_spi.dir/home/debjit/rpi-pico/pico-sdk/src/common/pico_util/pheap.c.obj
 .text.ph_post_alloc_init
                0x00000000100011d0       0x3c CMakeFiles/dma_spi.dir/home/debjit/rpi-pico/pico-sdk/src/common/pico_util/pheap.c.obj
                0x00000000100011d0                ph_post_alloc_init
 .text.ph_merge_two_pass
                0x000000001000120c       0x90 CMakeFiles/dma_spi.dir/home/debjit/rpi-pico/pico-sdk/src/common/pico_util/pheap.c.obj
                0x000000001000120c                ph_merge_two_pass
 .text.ph_remove_any_head
                0x000000001000129c       0xf8 CMakeFiles/dma_spi.dir/home/debjit/rpi-pico/pico-sdk/src/common/pico_util/pheap.c.obj
 .text.ph_remove_head
                0x0000000010001394      0x13c CMakeFiles/dma_spi.dir/home/debjit/rpi-pico/pico-sdk/src/common/pico_util/pheap.c.obj
                0x0000000010001394                ph_remove_head
 .text.ph_remove_and_free_node
                0x00000000100014d0       0x7c CMakeFiles/dma_spi.dir/home/debjit/rpi-pico/pico-sdk/src/common/pico_util/pheap.c.obj
                0x00000000100014d0                ph_remove_and_free_node
 .text.runtime_init
                0x000000001000154c       0xf0 CMakeFiles/dma_spi.dir/home/debjit/rpi-pico/pico-sdk/src/rp2_common/pico_runtime/runtime.c.obj
                0x000000001000154c                runtime_init
 .text.exit     0x000000001000163c        0x4 CMakeFiles/dma_spi.dir/home/debjit/rpi-pico/pico-sdk/src/rp2_common/pico_runtime/runtime.c.obj
                0x000000001000163c                exit
 .text.panic    0x0000000010001640       0x30 CMakeFiles/dma_spi.dir/home/debjit/rpi-pico/pico-sdk/src/rp2_common/pico_runtime/runtime.c.obj
                0x0000000010001640                panic
 .text.hard_assertion_failure
                0x0000000010001670        0xc CMakeFiles/dma_spi.dir/home/debjit/rpi-pico/pico-sdk/src/rp2_common/pico_runtime/runtime.c.obj
                0x0000000010001670                hard_assertion_failure
 .text.clocks_init
                0x000000001000167c      0x2bc CMakeFiles/dma_spi.dir/home/debjit/rpi-pico/pico-sdk/src/rp2_common/hardware_clocks/clocks.c.obj
                0x000000001000167c                clocks_init
 .text.clock_get_hz
                0x0000000010001938        0xc CMakeFiles/dma_spi.dir/home/debjit/rpi-pico/pico-sdk/src/rp2_common/hardware_clocks/clocks.c.obj
                0x0000000010001938                clock_get_hz
 .text.irq_set_enabled
                0x0000000010001944       0x24 CMakeFiles/dma_spi.dir/home/debjit/rpi-pico/pico-sdk/src/rp2_common/hardware_irq/irq.c.obj
                0x0000000010001944                irq_set_enabled
 .text.irq_set_pending
                0x0000000010001968       0x10 CMakeFiles/dma_spi.dir/home/debjit/rpi-pico/pico-sdk/src/rp2_common/hardware_irq/irq.c.obj
                0x0000000010001968                irq_set_pending
 .text.irq_get_vtable_handler
                0x0000000010001978       0x10 CMakeFiles/dma_spi.dir/home/debjit/rpi-pico/pico-sdk/src/rp2_common/hardware_irq/irq.c.obj
                0x0000000010001978                irq_get_vtable_handler
 .text.irq_set_exclusive_handler
                0x0000000010001988       0x54 CMakeFiles/dma_spi.dir/home/debjit/rpi-pico/pico-sdk/src/rp2_common/hardware_irq/irq.c.obj
                0x0000000010001988                irq_set_exclusive_handler
 .text.irq_remove_handler
                0x00000000100019dc      0x1b8 CMakeFiles/dma_spi.dir/home/debjit/rpi-pico/pico-sdk/src/rp2_common/hardware_irq/irq.c.obj
                0x00000000100019dc                irq_remove_handler
 .text.irq_add_tail_to_free_list
                0x0000000010001b94       0xb8 CMakeFiles/dma_spi.dir/home/debjit/rpi-pico/pico-sdk/src/rp2_common/hardware_irq/irq.c.obj
                0x0000000010001b94                irq_add_tail_to_free_list
 .text.irq_init_priorities
                0x0000000010001c4c       0x24 CMakeFiles/dma_spi.dir/home/debjit/rpi-pico/pico-sdk/src/rp2_common/hardware_irq/irq.c.obj
                0x0000000010001c4c                irq_init_priorities
 .text.pll_init
                0x0000000010001c70       0xa4 CMakeFiles/dma_spi.dir/home/debjit/rpi-pico/pico-sdk/src/rp2_common/hardware_pll/pll.c.obj
                0x0000000010001c70                pll_init
 .text.watchdog_start_tick
                0x0000000010001d14       0x10 CMakeFiles/dma_spi.dir/home/debjit/rpi-pico/pico-sdk/src/rp2_common/hardware_watchdog/watchdog.c.obj
                0x0000000010001d14                watchdog_start_tick
 .text.watchdog_reboot
                0x0000000010001d24       0x98 CMakeFiles/dma_spi.dir/home/debjit/rpi-pico/pico-sdk/src/rp2_common/hardware_watchdog/watchdog.c.obj
                0x0000000010001d24                watchdog_reboot
 .text.xosc_init
                0x0000000010001dbc       0x28 CMakeFiles/dma_spi.dir/home/debjit/rpi-pico/pico-sdk/src/rp2_common/hardware_xosc/xosc.c.obj
                0x0000000010001dbc                xosc_init
 .text._out_null
                0x0000000010001de4        0x4 CMakeFiles/dma_spi.dir/home/debjit/rpi-pico/pico-sdk/src/rp2_common/pico_printf/printf.c.obj
 .text._out_rev
                0x0000000010001de8       0xd0 CMakeFiles/dma_spi.dir/home/debjit/rpi-pico/pico-sdk/src/rp2_common/pico_printf/printf.c.obj
 .text._ntoa_format
                0x0000000010001eb8      0x1d0 CMakeFiles/dma_spi.dir/home/debjit/rpi-pico/pico-sdk/src/rp2_common/pico_printf/printf.c.obj
 .text._out_char
                0x0000000010002088       0x10 CMakeFiles/dma_spi.dir/home/debjit/rpi-pico/pico-sdk/src/rp2_common/pico_printf/printf.c.obj
 .text._out_fct
                0x0000000010002098       0x10 CMakeFiles/dma_spi.dir/home/debjit/rpi-pico/pico-sdk/src/rp2_common/pico_printf/printf.c.obj
 .text._etoa    0x00000000100020a8      0x478 CMakeFiles/dma_spi.dir/home/debjit/rpi-pico/pico-sdk/src/rp2_common/pico_printf/printf.c.obj
 .text._ftoa    0x0000000010002520      0x3e0 CMakeFiles/dma_spi.dir/home/debjit/rpi-pico/pico-sdk/src/rp2_common/pico_printf/printf.c.obj
 .text._vsnprintf
                0x0000000010002900      0xb08 CMakeFiles/dma_spi.dir/home/debjit/rpi-pico/pico-sdk/src/rp2_common/pico_printf/printf.c.obj
 .text.vfctprintf
                0x0000000010003408       0x20 CMakeFiles/dma_spi.dir/home/debjit/rpi-pico/pico-sdk/src/rp2_common/pico_printf/printf.c.obj
                0x0000000010003408                vfctprintf
 .text.weak_raw_vprintf
                0x0000000010003428       0x30 CMakeFiles/dma_spi.dir/home/debjit/rpi-pico/pico-sdk/src/rp2_common/pico_printf/printf.c.obj
                0x0000000010003428                weak_raw_vprintf
 .text          0x0000000010003458       0x10 CMakeFiles/dma_spi.dir/home/debjit/rpi-pico/pico-sdk/src/rp2_common/pico_bit_ops/bit_ops_aeabi.S.obj
 .text.rom_func_lookup
                0x0000000010003468       0x10 CMakeFiles/dma_spi.dir/home/debjit/rpi-pico/pico-sdk/src/rp2_common/pico_bootrom/bootrom.c.obj
                0x0000000010003468                rom_func_lookup
 .text.rom_data_lookup
                0x0000000010003478       0x10 CMakeFiles/dma_spi.dir/home/debjit/rpi-pico/pico-sdk/src/rp2_common/pico_bootrom/bootrom.c.obj
                0x0000000010003478                rom_data_lookup
 .text.rom_funcs_lookup
                0x0000000010003488       0x3c CMakeFiles/dma_spi.dir/home/debjit/rpi-pico/pico-sdk/src/rp2_common/pico_bootrom/bootrom.c.obj
                0x0000000010003488                rom_funcs_lookup
 .text.__wrap___aeabi_idiv
                0x00000000100034c4       0x50 CMakeFiles/dma_spi.dir/home/debjit/rpi-pico/pico-sdk/src/rp2_common/pico_divider/divider.S.obj
                0x00000000100034c4                __wrap___aeabi_idivmod
                0x00000000100034c4                divmod_s32s32
                0x00000000100034c4                div_s32s32
                0x00000000100034c4                __wrap___aeabi_idiv
                0x00000000100034cc                divmod_s32s32_unsafe
                0x00000000100034f8                divmod_s32s32_savestate
 .text.__wrap___aeabi_uidiv
                0x0000000010003514       0x4c CMakeFiles/dma_spi.dir/home/debjit/rpi-pico/pico-sdk/src/rp2_common/pico_divider/divider.S.obj
                0x0000000010003514                __wrap___aeabi_uidiv
                0x0000000010003514                __wrap___aeabi_uidivmod
                0x0000000010003514                div_u32u32
                0x0000000010003514                divmod_u32u32
                0x000000001000351c                divmod_u32u32_unsafe
                0x0000000010003544                divmod_u32u32_savestate
 .text.__wrap___aeabi_ldiv
                0x0000000010003560      0x434 CMakeFiles/dma_spi.dir/home/debjit/rpi-pico/pico-sdk/src/rp2_common/pico_divider/divider.S.obj
                0x0000000010003560                div_s64s64
                0x0000000010003560                divmod_s64s64
                0x0000000010003560                __wrap___aeabi_ldivmod
                0x0000000010003598                div_u64u64
                0x0000000010003598                divmod_u64u64
                0x0000000010003598                __wrap___aeabi_uldivmod
                0x00000000100035a8                divmod_u64u64_savestate
                0x00000000100035d0                divmod_s64s64_unsafe
                0x0000000010003658                divmod_u64u64_unsafe
 .text.__wrap___aeabi_darithmetic
                0x0000000010003994       0x80 CMakeFiles/dma_spi.dir/home/debjit/rpi-pico/pico-sdk/src/rp2_common/pico_double/double_aeabi.S.obj
                0x0000000010003994                __wrap___aeabi_drsub
                0x000000001000399a                __wrap___aeabi_dsub
                0x00000000100039ac                __wrap___aeabi_dadd
                0x00000000100039be                __wrap___aeabi_ddiv
                0x00000000100039fa                __wrap___aeabi_dmul
 .text.__wrap___aeabi_cdcmple
                0x0000000010003a14       0x6c CMakeFiles/dma_spi.dir/home/debjit/rpi-pico/pico-sdk/src/rp2_common/pico_double/double_aeabi.S.obj
                0x0000000010003a14                __wrap___aeabi_cdrcmple
                0x0000000010003a24                __wrap___aeabi_cdcmple
                0x0000000010003a24                __wrap___aeabi_cdcmpeq
 .text.__wrap___aeabi_dcmplt
                0x0000000010003a80        0xc CMakeFiles/dma_spi.dir/home/debjit/rpi-pico/pico-sdk/src/rp2_common/pico_double/double_aeabi.S.obj
                0x0000000010003a80                __wrap___aeabi_dcmplt
 .text.__wrap___aeabi_dcmple
                0x0000000010003a8c       0x10 CMakeFiles/dma_spi.dir/home/debjit/rpi-pico/pico-sdk/src/rp2_common/pico_double/double_aeabi.S.obj
                0x0000000010003a8c                __wrap___aeabi_dcmple
 .text.__wrap___aeabi_dcmpge
                0x0000000010003a9c       0x10 CMakeFiles/dma_spi.dir/home/debjit/rpi-pico/pico-sdk/src/rp2_common/pico_double/double_aeabi.S.obj
                0x0000000010003a9c                __wrap___aeabi_dcmpge
 .text.__wrap___aeabi_dcmpgt
                0x0000000010003aac        0xa CMakeFiles/dma_spi.dir/home/debjit/rpi-pico/pico-sdk/src/rp2_common/pico_double/double_aeabi.S.obj
                0x0000000010003aac                __wrap___aeabi_dcmpgt
 .text.__wrap___aeabi_dcmpun
                0x0000000010003ab6       0x1c CMakeFiles/dma_spi.dir/home/debjit/rpi-pico/pico-sdk/src/rp2_common/pico_double/double_aeabi.S.obj
                0x0000000010003ab6                __wrap___aeabi_dcmpun
 *fill*         0x0000000010003ad2        0x2 
 .text.__wrap___aeabi_i2d
                0x0000000010003ad4       0x38 CMakeFiles/dma_spi.dir/home/debjit/rpi-pico/pico-sdk/src/rp2_common/pico_double/double_aeabi.S.obj
                0x0000000010003ad4                __wrap___aeabi_ui2d
                0x0000000010003adc                __wrap___aeabi_i2d
 .text.__wrap___aeabi_d2iz
                0x0000000010003b0c       0x48 CMakeFiles/dma_spi.dir/home/debjit/rpi-pico/pico-sdk/src/rp2_common/pico_double/double_aeabi.S.obj
                0x0000000010003b0c                __wrap___aeabi_d2iz
                0x0000000010003b0c                double2int_z
 .text.__wrap___aeabi_d2uiz
                0x0000000010003b54       0x18 CMakeFiles/dma_spi.dir/home/debjit/rpi-pico/pico-sdk/src/rp2_common/pico_double/double_aeabi.S.obj
                0x0000000010003b54                double2uint
                0x0000000010003b54                __wrap___aeabi_d2uiz
 .text.__aeabi_double_init
                0x0000000010003b6c       0xc0 CMakeFiles/dma_spi.dir/home/debjit/rpi-pico/pico-sdk/src/rp2_common/pico_double/double_init_rom.c.obj
                0x0000000010003b6c                __aeabi_double_init
 .text.double_table_shim_on_use_helper
                0x0000000010003c2c       0x2c CMakeFiles/dma_spi.dir/home/debjit/rpi-pico/pico-sdk/src/rp2_common/pico_double/double_v1_rom_shim.S.obj
                0x0000000010003c2c                double_table_shim_on_use_helper
 .text.__wrap___aeabi_dsub
                0x0000000010003c58       0x10 CMakeFiles/dma_spi.dir/home/debjit/rpi-pico/pico-sdk/src/rp2_common/pico_double/double_v1_rom_shim.S.obj
                0x0000000010003c58                drsub_shim
                0x0000000010003c5e                dsub_shim
 .text.dadd_shim
                0x0000000010003c68      0x15c CMakeFiles/dma_spi.dir/home/debjit/rpi-pico/pico-sdk/src/rp2_common/pico_double/double_v1_rom_shim.S.obj
                0x0000000010003c68                dadd_shim
 .text.dmul_shim
                0x0000000010003dc4      0x15c CMakeFiles/dma_spi.dir/home/debjit/rpi-pico/pico-sdk/src/rp2_common/pico_double/double_v1_rom_shim.S.obj
                0x0000000010003dc4                dmul_shim
 .text.ddiv_shim
                0x0000000010003f20      0x1b0 CMakeFiles/dma_spi.dir/home/debjit/rpi-pico/pico-sdk/src/rp2_common/pico_double/double_v1_rom_shim.S.obj
                0x0000000010003f20                ddiv_shim
 .text.double2uint_shim
                0x00000000100040d0        0xe CMakeFiles/dma_spi.dir/home/debjit/rpi-pico/pico-sdk/src/rp2_common/pico_double/double_v1_rom_shim.S.obj
                0x00000000100040d0                double2uint_shim
                0x00000000100040d2                double2ufix_shim
 *fill*         0x00000000100040de        0x2 
 .text.double2uint64_shim
                0x00000000100040e0       0x70 CMakeFiles/dma_spi.dir/home/debjit/rpi-pico/pico-sdk/src/rp2_common/pico_double/double_v1_rom_shim.S.obj
                0x00000000100040e0                double2uint64_shim
                0x00000000100040e2                double2ufix64_shim
                0x0000000010004102                d2fix_a
 .text.dunpacks
                0x0000000010004150       0x3c CMakeFiles/dma_spi.dir/home/debjit/rpi-pico/pico-sdk/src/rp2_common/pico_double/double_v1_rom_shim.S.obj
                0x0000000010004150                dunpacks
 .text.__aeabi_lmul
                0x000000001000418c       0x32 CMakeFiles/dma_spi.dir/home/debjit/rpi-pico/pico-sdk/src/rp2_common/pico_int64_ops/pico_int64_ops_aeabi.S.obj
                0x000000001000418c                __wrap___aeabi_lmul
 *fill*         0x00000000100041be        0x2 
 .text.__aeabi_float_init
                0x00000000100041c0       0x64 CMakeFiles/dma_spi.dir/home/debjit/rpi-pico/pico-sdk/src/rp2_common/pico_float/float_init_rom.c.obj
                0x00000000100041c0                __aeabi_float_init
 .text.float_table_shim_on_use_helper
                0x0000000010004224       0x2c CMakeFiles/dma_spi.dir/home/debjit/rpi-pico/pico-sdk/src/rp2_common/pico_float/float_v1_rom_shim.S.obj
                0x0000000010004224                float_table_shim_on_use_helper
 .text          0x0000000010004250       0x10 CMakeFiles/dma_spi.dir/home/debjit/rpi-pico/pico-sdk/src/rp2_common/pico_mem_ops/mem_ops_aeabi.S.obj
                0x0000000010004250                __aeabi_mem_init
 .text.memset   0x0000000010004260        0xc CMakeFiles/dma_spi.dir/home/debjit/rpi-pico/pico-sdk/src/rp2_common/pico_mem_ops/mem_ops_aeabi.S.obj
                0x0000000010004260                __wrap_memset
 .text.memcpy   0x000000001000426c        0xc CMakeFiles/dma_spi.dir/home/debjit/rpi-pico/pico-sdk/src/rp2_common/pico_mem_ops/mem_ops_aeabi.S.obj
                0x000000001000426c                __wrap___aeabi_memcpy
                0x000000001000426c                __wrap_memcpy
 .text.stdio_out_chars_no_crlf
                0x0000000010004278       0x10 CMakeFiles/dma_spi.dir/home/debjit/rpi-pico/pico-sdk/src/rp2_common/pico_stdio/stdio.c.obj
 .text.stdio_out_chars_crlf
                0x0000000010004288       0x94 CMakeFiles/dma_spi.dir/home/debjit/rpi-pico/pico-sdk/src/rp2_common/pico_stdio/stdio.c.obj
 .text.stdio_buffered_printer
                0x000000001000431c       0x64 CMakeFiles/dma_spi.dir/home/debjit/rpi-pico/pico-sdk/src/rp2_common/pico_stdio/stdio.c.obj
 .text.stdio_put_string
                0x0000000010004380      0x100 CMakeFiles/dma_spi.dir/home/debjit/rpi-pico/pico-sdk/src/rp2_common/pico_stdio/stdio.c.obj
 .text.__wrap_putchar
                0x0000000010004480       0xa4 CMakeFiles/dma_spi.dir/home/debjit/rpi-pico/pico-sdk/src/rp2_common/pico_stdio/stdio.c.obj
                0x0000000010004480                __wrap_putchar
 .text.__wrap_puts
                0x0000000010004524       0x3c CMakeFiles/dma_spi.dir/home/debjit/rpi-pico/pico-sdk/src/rp2_common/pico_stdio/stdio.c.obj
                0x0000000010004524                __wrap_puts
 .text.stdio_set_driver_enabled
                0x0000000010004560       0x3c CMakeFiles/dma_spi.dir/home/debjit/rpi-pico/pico-sdk/src/rp2_common/pico_stdio/stdio.c.obj
                0x0000000010004560                stdio_set_driver_enabled
 .text.__wrap_vprintf
                0x000000001000459c       0xd8 CMakeFiles/dma_spi.dir/home/debjit/rpi-pico/pico-sdk/src/rp2_common/pico_stdio/stdio.c.obj
                0x000000001000459c                __wrap_vprintf
 .text.__wrap_printf
                0x0000000010004674       0x18 CMakeFiles/dma_spi.dir/home/debjit/rpi-pico/pico-sdk/src/rp2_common/pico_stdio/stdio.c.obj
                0x0000000010004674                __wrap_printf
 .text.stdio_init_all
                0x000000001000468c        0x8 CMakeFiles/dma_spi.dir/home/debjit/rpi-pico/pico-sdk/src/rp2_common/pico_stdio/stdio.c.obj
                0x000000001000468c                stdio_init_all
 .text.resetd_init
                0x0000000010004694        0x4 CMakeFiles/dma_spi.dir/home/debjit/rpi-pico/pico-sdk/src/rp2_common/pico_stdio_usb/reset_interface.c.obj
 .text.resetd_reset
                0x0000000010004698        0xc CMakeFiles/dma_spi.dir/home/debjit/rpi-pico/pico-sdk/src/rp2_common/pico_stdio_usb/reset_interface.c.obj
 .text.resetd_open
                0x00000000100046a4       0x28 CMakeFiles/dma_spi.dir/home/debjit/rpi-pico/pico-sdk/src/rp2_common/pico_stdio_usb/reset_interface.c.obj
 .text.resetd_xfer_cb
                0x00000000100046cc        0x4 CMakeFiles/dma_spi.dir/home/debjit/rpi-pico/pico-sdk/src/rp2_common/pico_stdio_usb/reset_interface.c.obj
 .text.resetd_control_xfer_cb
                0x00000000100046d0       0x64 CMakeFiles/dma_spi.dir/home/debjit/rpi-pico/pico-sdk/src/rp2_common/pico_stdio_usb/reset_interface.c.obj
 .text.usbd_app_driver_get_cb
                0x0000000010004734        0xc CMakeFiles/dma_spi.dir/home/debjit/rpi-pico/pico-sdk/src/rp2_common/pico_stdio_usb/reset_interface.c.obj
                0x0000000010004734                usbd_app_driver_get_cb
 .text.tud_cdc_line_coding_cb
                0x0000000010004740       0x34 CMakeFiles/dma_spi.dir/home/debjit/rpi-pico/pico-sdk/src/rp2_common/pico_stdio_usb/reset_interface.c.obj
                0x0000000010004740                tud_cdc_line_coding_cb
 .text.stdio_usb_in_chars
                0x0000000010004774       0x68 CMakeFiles/dma_spi.dir/home/debjit/rpi-pico/pico-sdk/src/rp2_common/pico_stdio_usb/stdio_usb.c.obj
                0x0000000010004774                stdio_usb_in_chars
 .text.stdio_usb_out_chars
                0x00000000100047dc       0xec CMakeFiles/dma_spi.dir/home/debjit/rpi-pico/pico-sdk/src/rp2_common/pico_stdio_usb/stdio_usb.c.obj
 .text.timer_task
                0x00000000100048c8       0x10 CMakeFiles/dma_spi.dir/home/debjit/rpi-pico/pico-sdk/src/rp2_common/pico_stdio_usb/stdio_usb.c.obj
 .text.low_priority_worker_irq
                0x00000000100048d8       0x24 CMakeFiles/dma_spi.dir/home/debjit/rpi-pico/pico-sdk/src/rp2_common/pico_stdio_usb/stdio_usb.c.obj
 .text.stdio_usb_init
                0x00000000100048fc       0x90 CMakeFiles/dma_spi.dir/home/debjit/rpi-pico/pico-sdk/src/rp2_common/pico_stdio_usb/stdio_usb.c.obj
                0x00000000100048fc                stdio_usb_init
 .text.tud_descriptor_device_cb
                0x000000001000498c        0x8 CMakeFiles/dma_spi.dir/home/debjit/rpi-pico/pico-sdk/src/rp2_common/pico_stdio_usb/stdio_usb_descriptors.c.obj
                0x000000001000498c                tud_descriptor_device_cb
 .text.tud_descriptor_configuration_cb
                0x0000000010004994        0x8 CMakeFiles/dma_spi.dir/home/debjit/rpi-pico/pico-sdk/src/rp2_common/pico_stdio_usb/stdio_usb_descriptors.c.obj
                0x0000000010004994                tud_descriptor_configuration_cb
 .text.tud_descriptor_string_cb
                0x000000001000499c       0x70 CMakeFiles/dma_spi.dir/home/debjit/rpi-pico/pico-sdk/src/rp2_common/pico_stdio_usb/stdio_usb_descriptors.c.obj
                0x000000001000499c                tud_descriptor_string_cb
 .text.dcd_rp2040_irq
                0x0000000010004a0c      0x21c CMakeFiles/dma_spi.dir/home/debjit/rpi-pico/pico-sdk/lib/tinyusb/src/portable/raspberrypi/rp2040/dcd_rp2040.c.obj
 .text.dcd_int_enable
                0x0000000010004c28        0xc CMakeFiles/dma_spi.dir/home/debjit/rpi-pico/pico-sdk/lib/tinyusb/src/portable/raspberrypi/rp2040/dcd_rp2040.c.obj
                0x0000000010004c28                dcd_int_enable
 .text.dcd_set_address
                0x0000000010004c34       0x14 CMakeFiles/dma_spi.dir/home/debjit/rpi-pico/pico-sdk/lib/tinyusb/src/portable/raspberrypi/rp2040/dcd_rp2040.c.obj
                0x0000000010004c34                dcd_set_address
 .text.dcd_connect
                0x0000000010004c48       0x10 CMakeFiles/dma_spi.dir/home/debjit/rpi-pico/pico-sdk/lib/tinyusb/src/portable/raspberrypi/rp2040/dcd_rp2040.c.obj
                0x0000000010004c48                dcd_connect
 .text.dcd_init
                0x0000000010004c58      0x148 CMakeFiles/dma_spi.dir/home/debjit/rpi-pico/pico-sdk/lib/tinyusb/src/portable/raspberrypi/rp2040/dcd_rp2040.c.obj
                0x0000000010004c58                dcd_init
 .text.dcd_edpt0_status_complete
                0x0000000010004da0       0x1c CMakeFiles/dma_spi.dir/home/debjit/rpi-pico/pico-sdk/lib/tinyusb/src/portable/raspberrypi/rp2040/dcd_rp2040.c.obj
                0x0000000010004da0                dcd_edpt0_status_complete
 .text.dcd_edpt_open
                0x0000000010004dbc       0xf0 CMakeFiles/dma_spi.dir/home/debjit/rpi-pico/pico-sdk/lib/tinyusb/src/portable/raspberrypi/rp2040/dcd_rp2040.c.obj
                0x0000000010004dbc                dcd_edpt_open
 .text.dcd_edpt_close_all
                0x0000000010004eac       0xbc CMakeFiles/dma_spi.dir/home/debjit/rpi-pico/pico-sdk/lib/tinyusb/src/portable/raspberrypi/rp2040/dcd_rp2040.c.obj
                0x0000000010004eac                dcd_edpt_close_all
 .text.dcd_edpt_xfer
                0x0000000010004f68       0x24 CMakeFiles/dma_spi.dir/home/debjit/rpi-pico/pico-sdk/lib/tinyusb/src/portable/raspberrypi/rp2040/dcd_rp2040.c.obj
                0x0000000010004f68                dcd_edpt_xfer
 .text.dcd_edpt_stall
                0x0000000010004f8c       0x38 CMakeFiles/dma_spi.dir/home/debjit/rpi-pico/pico-sdk/lib/tinyusb/src/portable/raspberrypi/rp2040/dcd_rp2040.c.obj
                0x0000000010004f8c                dcd_edpt_stall
 .text.dcd_edpt_clear_stall
                0x0000000010004fc4       0x30 CMakeFiles/dma_spi.dir/home/debjit/rpi-pico/pico-sdk/lib/tinyusb/src/portable/raspberrypi/rp2040/dcd_rp2040.c.obj
                0x0000000010004fc4                dcd_edpt_clear_stall
 .text._hw_endpoint_buffer_control_update32.part.0
                0x0000000010004ff4       0x20 CMakeFiles/dma_spi.dir/home/debjit/rpi-pico/pico-sdk/lib/tinyusb/src/portable/raspberrypi/rp2040/rp2040_usb.c.obj
 .text.rp2040_usb_init
                0x0000000010005014       0x4c CMakeFiles/dma_spi.dir/home/debjit/rpi-pico/pico-sdk/lib/tinyusb/src/portable/raspberrypi/rp2040/rp2040_usb.c.obj
                0x0000000010005014                rp2040_usb_init
 .text.hw_endpoint_reset_transfer
                0x0000000010005060        0xc CMakeFiles/dma_spi.dir/home/debjit/rpi-pico/pico-sdk/lib/tinyusb/src/portable/raspberrypi/rp2040/rp2040_usb.c.obj
                0x0000000010005060                hw_endpoint_reset_transfer
 .text._hw_endpoint_buffer_control_update32
                0x000000001000506c       0x40 CMakeFiles/dma_spi.dir/home/debjit/rpi-pico/pico-sdk/lib/tinyusb/src/portable/raspberrypi/rp2040/rp2040_usb.c.obj
                0x000000001000506c                _hw_endpoint_buffer_control_update32
 .text.hw_endpoint_xfer_start
                0x00000000100050ac      0x138 CMakeFiles/dma_spi.dir/home/debjit/rpi-pico/pico-sdk/lib/tinyusb/src/portable/raspberrypi/rp2040/rp2040_usb.c.obj
                0x00000000100050ac                hw_endpoint_xfer_start
 .text.hw_endpoint_xfer_continue
                0x00000000100051e4      0x1e4 CMakeFiles/dma_spi.dir/home/debjit/rpi-pico/pico-sdk/lib/tinyusb/src/portable/raspberrypi/rp2040/rp2040_usb.c.obj
                0x00000000100051e4                hw_endpoint_xfer_continue
 .text.tud_mounted
                0x00000000100053c8       0x10 CMakeFiles/dma_spi.dir/home/debjit/rpi-pico/pico-sdk/lib/tinyusb/src/device/usbd.c.obj
                0x00000000100053c8                tud_mounted
 .text.tud_suspended
                0x00000000100053d8       0x10 CMakeFiles/dma_spi.dir/home/debjit/rpi-pico/pico-sdk/lib/tinyusb/src/device/usbd.c.obj
                0x00000000100053d8                tud_suspended
 .text.tud_inited
                0x00000000100053e8        0xc CMakeFiles/dma_spi.dir/home/debjit/rpi-pico/pico-sdk/lib/tinyusb/src/device/usbd.c.obj
                0x00000000100053e8                tud_inited
 .text.tud_init
                0x00000000100053f4       0xd8 CMakeFiles/dma_spi.dir/home/debjit/rpi-pico/pico-sdk/lib/tinyusb/src/device/usbd.c.obj
                0x00000000100053f4                tud_init
 .text.tud_task
                0x00000000100054cc      0x8ec CMakeFiles/dma_spi.dir/home/debjit/rpi-pico/pico-sdk/lib/tinyusb/src/device/usbd.c.obj
                0x00000000100054cc                tud_task
 .text.dcd_event_bus_signal
                0x0000000010005db8      0x120 CMakeFiles/dma_spi.dir/home/debjit/rpi-pico/pico-sdk/lib/tinyusb/src/device/usbd.c.obj
                0x0000000010005db8                dcd_event_bus_signal
 .text.dcd_event_bus_reset
                0x0000000010005ed8       0x54 CMakeFiles/dma_spi.dir/home/debjit/rpi-pico/pico-sdk/lib/tinyusb/src/device/usbd.c.obj
                0x0000000010005ed8                dcd_event_bus_reset
 .text.dcd_event_setup_received
                0x0000000010005f2c       0x50 CMakeFiles/dma_spi.dir/home/debjit/rpi-pico/pico-sdk/lib/tinyusb/src/device/usbd.c.obj
                0x0000000010005f2c                dcd_event_setup_received
 .text.dcd_event_xfer_complete
                0x0000000010005f7c       0x68 CMakeFiles/dma_spi.dir/home/debjit/rpi-pico/pico-sdk/lib/tinyusb/src/device/usbd.c.obj
                0x0000000010005f7c                dcd_event_xfer_complete
 .text.usbd_open_edpt_pair
                0x0000000010005fe4       0x80 CMakeFiles/dma_spi.dir/home/debjit/rpi-pico/pico-sdk/lib/tinyusb/src/device/usbd.c.obj
                0x0000000010005fe4                usbd_open_edpt_pair
 .text.usbd_edpt_open
                0x0000000010006064       0x30 CMakeFiles/dma_spi.dir/home/debjit/rpi-pico/pico-sdk/lib/tinyusb/src/device/usbd.c.obj
                0x0000000010006064                usbd_edpt_open
 .text.usbd_edpt_claim
                0x0000000010006094       0x64 CMakeFiles/dma_spi.dir/home/debjit/rpi-pico/pico-sdk/lib/tinyusb/src/device/usbd.c.obj
                0x0000000010006094                usbd_edpt_claim
 .text.usbd_edpt_release
                0x00000000100060f8       0x4c CMakeFiles/dma_spi.dir/home/debjit/rpi-pico/pico-sdk/lib/tinyusb/src/device/usbd.c.obj
                0x00000000100060f8                usbd_edpt_release
 .text.usbd_edpt_xfer
                0x0000000010006144       0x48 CMakeFiles/dma_spi.dir/home/debjit/rpi-pico/pico-sdk/lib/tinyusb/src/device/usbd.c.obj
                0x0000000010006144                usbd_edpt_xfer
 .text.tud_control_status
                0x000000001000618c       0x30 CMakeFiles/dma_spi.dir/home/debjit/rpi-pico/pico-sdk/lib/tinyusb/src/device/usbd_control.c.obj
                0x000000001000618c                tud_control_status
 .text.tud_control_xfer
                0x00000000100061bc       0xb8 CMakeFiles/dma_spi.dir/home/debjit/rpi-pico/pico-sdk/lib/tinyusb/src/device/usbd_control.c.obj
                0x00000000100061bc                tud_control_xfer
 .text.usbd_control_reset
                0x0000000010006274       0x14 CMakeFiles/dma_spi.dir/home/debjit/rpi-pico/pico-sdk/lib/tinyusb/src/device/usbd_control.c.obj
                0x0000000010006274                usbd_control_reset
 .text.usbd_control_set_complete_callback
                0x0000000010006288        0xc CMakeFiles/dma_spi.dir/home/debjit/rpi-pico/pico-sdk/lib/tinyusb/src/device/usbd_control.c.obj
                0x0000000010006288                usbd_control_set_complete_callback
 .text.usbd_control_set_request
                0x0000000010006294       0x1c CMakeFiles/dma_spi.dir/home/debjit/rpi-pico/pico-sdk/lib/tinyusb/src/device/usbd_control.c.obj
                0x0000000010006294                usbd_control_set_request
 .text.usbd_control_xfer_cb
                0x00000000100062b0       0xf8 CMakeFiles/dma_spi.dir/home/debjit/rpi-pico/pico-sdk/lib/tinyusb/src/device/usbd_control.c.obj
                0x00000000100062b0                usbd_control_xfer_cb
 .text.tud_cdc_n_connected
                0x00000000100063a8       0x30 CMakeFiles/dma_spi.dir/home/debjit/rpi-pico/pico-sdk/lib/tinyusb/src/class/cdc/cdc_device.c.obj
                0x00000000100063a8                tud_cdc_n_connected
 .text.tud_cdc_n_available
                0x00000000100063d8       0x18 CMakeFiles/dma_spi.dir/home/debjit/rpi-pico/pico-sdk/lib/tinyusb/src/class/cdc/cdc_device.c.obj
                0x00000000100063d8                tud_cdc_n_available
 .text.tud_cdc_n_read
                0x00000000100063f0       0x70 CMakeFiles/dma_spi.dir/home/debjit/rpi-pico/pico-sdk/lib/tinyusb/src/class/cdc/cdc_device.c.obj
                0x00000000100063f0                tud_cdc_n_read
 .text.tud_cdc_n_write_flush
                0x0000000010006460       0x78 CMakeFiles/dma_spi.dir/home/debjit/rpi-pico/pico-sdk/lib/tinyusb/src/class/cdc/cdc_device.c.obj
                0x0000000010006460                tud_cdc_n_write_flush
 .text.tud_cdc_n_write
                0x00000000100064d8       0x34 CMakeFiles/dma_spi.dir/home/debjit/rpi-pico/pico-sdk/lib/tinyusb/src/class/cdc/cdc_device.c.obj
                0x00000000100064d8                tud_cdc_n_write
 .text.tud_cdc_n_write_available
                0x000000001000650c       0x18 CMakeFiles/dma_spi.dir/home/debjit/rpi-pico/pico-sdk/lib/tinyusb/src/class/cdc/cdc_device.c.obj
                0x000000001000650c                tud_cdc_n_write_available
 .text.cdcd_init
                0x0000000010006524       0x7c CMakeFiles/dma_spi.dir/home/debjit/rpi-pico/pico-sdk/lib/tinyusb/src/class/cdc/cdc_device.c.obj
                0x0000000010006524                cdcd_init
 .text.cdcd_reset
                0x00000000100065a0       0x2c CMakeFiles/dma_spi.dir/home/debjit/rpi-pico/pico-sdk/lib/tinyusb/src/class/cdc/cdc_device.c.obj
                0x00000000100065a0                cdcd_reset
 .text.cdcd_open
                0x00000000100065cc       0xe4 CMakeFiles/dma_spi.dir/home/debjit/rpi-pico/pico-sdk/lib/tinyusb/src/class/cdc/cdc_device.c.obj
                0x00000000100065cc                cdcd_open
 .text.cdcd_control_xfer_cb
                0x00000000100066b0       0xe4 CMakeFiles/dma_spi.dir/home/debjit/rpi-pico/pico-sdk/lib/tinyusb/src/class/cdc/cdc_device.c.obj
                0x00000000100066b0                cdcd_control_xfer_cb
 .text.cdcd_xfer_cb
                0x0000000010006794      0x198 CMakeFiles/dma_spi.dir/home/debjit/rpi-pico/pico-sdk/lib/tinyusb/src/class/cdc/cdc_device.c.obj
                0x0000000010006794                cdcd_xfer_cb
 .text.tusb_init
                0x000000001000692c        0xc CMakeFiles/dma_spi.dir/home/debjit/rpi-pico/pico-sdk/lib/tinyusb/src/tusb.c.obj
                0x000000001000692c                tusb_init
 .text.tusb_inited
                0x0000000010006938        0x8 CMakeFiles/dma_spi.dir/home/debjit/rpi-pico/pico-sdk/lib/tinyusb/src/tusb.c.obj
                0x0000000010006938                tusb_inited
 .text.tu_edpt_validate
                0x0000000010006940       0x78 CMakeFiles/dma_spi.dir/home/debjit/rpi-pico/pico-sdk/lib/tinyusb/src/tusb.c.obj
                0x0000000010006940                tu_edpt_validate
 .text.tu_edpt_bind_driver
                0x00000000100069b8       0x2c CMakeFiles/dma_spi.dir/home/debjit/rpi-pico/pico-sdk/lib/tinyusb/src/tusb.c.obj
                0x00000000100069b8                tu_edpt_bind_driver
 .text.tu_fifo_config
                0x00000000100069e4       0x78 CMakeFiles/dma_spi.dir/home/debjit/rpi-pico/pico-sdk/lib/tinyusb/src/common/tusb_fifo.c.obj
                0x00000000100069e4                tu_fifo_config
 .text.tu_fifo_count
                0x0000000010006a5c       0x20 CMakeFiles/dma_spi.dir/home/debjit/rpi-pico/pico-sdk/lib/tinyusb/src/common/tusb_fifo.c.obj
                0x0000000010006a5c                tu_fifo_count
 .text.tu_fifo_empty
                0x0000000010006a7c       0x10 CMakeFiles/dma_spi.dir/home/debjit/rpi-pico/pico-sdk/lib/tinyusb/src/common/tusb_fifo.c.obj
                0x0000000010006a7c                tu_fifo_empty
 .text.tu_fifo_remaining
                0x0000000010006a8c       0x1c CMakeFiles/dma_spi.dir/home/debjit/rpi-pico/pico-sdk/lib/tinyusb/src/common/tusb_fifo.c.obj
                0x0000000010006a8c                tu_fifo_remaining
 .text.tu_fifo_read
                0x0000000010006aa8       0x9c CMakeFiles/dma_spi.dir/home/debjit/rpi-pico/pico-sdk/lib/tinyusb/src/common/tusb_fifo.c.obj
                0x0000000010006aa8                tu_fifo_read
 .text.tu_fifo_read_n
                0x0000000010006b44      0x100 CMakeFiles/dma_spi.dir/home/debjit/rpi-pico/pico-sdk/lib/tinyusb/src/common/tusb_fifo.c.obj
                0x0000000010006b44                tu_fifo_read_n
 .text.tu_fifo_write
                0x0000000010006c44       0x7c CMakeFiles/dma_spi.dir/home/debjit/rpi-pico/pico-sdk/lib/tinyusb/src/common/tusb_fifo.c.obj
                0x0000000010006c44                tu_fifo_write
 .text.tu_fifo_write_n
                0x0000000010006cc0       0xf8 CMakeFiles/dma_spi.dir/home/debjit/rpi-pico/pico-sdk/lib/tinyusb/src/common/tusb_fifo.c.obj
                0x0000000010006cc0                tu_fifo_write_n
 .text.tu_fifo_clear
                0x0000000010006db8       0x4c CMakeFiles/dma_spi.dir/home/debjit/rpi-pico/pico-sdk/lib/tinyusb/src/common/tusb_fifo.c.obj
                0x0000000010006db8                tu_fifo_clear
 .text.tu_fifo_set_overwritable
                0x0000000010006e04       0x3c CMakeFiles/dma_spi.dir/home/debjit/rpi-pico/pico-sdk/lib/tinyusb/src/common/tusb_fifo.c.obj
                0x0000000010006e04                tu_fifo_set_overwritable
 .text.startup._retrieve_unique_id_on_boot
                0x0000000010006e40       0x10 CMakeFiles/dma_spi.dir/home/debjit/rpi-pico/pico-sdk/src/rp2_common/pico_unique_id/unique_id.c.obj
 .text.pico_get_unique_board_id_string
                0x0000000010006e50      0x1bc CMakeFiles/dma_spi.dir/home/debjit/rpi-pico/pico-sdk/src/rp2_common/pico_unique_id/unique_id.c.obj
                0x0000000010006e50                pico_get_unique_board_id_string
 .text.flash_get_unique_id
                0x000000001000700c       0x40 CMakeFiles/dma_spi.dir/home/debjit/rpi-pico/pico-sdk/src/rp2_common/hardware_flash/flash.c.obj
                0x000000001000700c                flash_get_unique_id
 .text.spi_init
                0x000000001000704c       0xf4 CMakeFiles/dma_spi.dir/home/debjit/rpi-pico/pico-sdk/src/rp2_common/hardware_spi/spi.c.obj
                0x000000001000704c                spi_init
 .text.dma_channel_unclaim
                0x0000000010007140       0x10 CMakeFiles/dma_spi.dir/home/debjit/rpi-pico/pico-sdk/src/rp2_common/hardware_dma/dma.c.obj
                0x0000000010007140                dma_channel_unclaim
 .text.dma_claim_unused_channel
                0x0000000010007150       0x20 CMakeFiles/dma_spi.dir/home/debjit/rpi-pico/pico-sdk/src/rp2_common/hardware_dma/dma.c.obj
                0x0000000010007150                dma_claim_unused_channel
 .text          0x0000000010007170       0x68 /usr/lib/gcc/arm-none-eabi/9.2.1/../../../arm-none-eabi/lib/thumb/v6-m/nofp/libc.a(lib_a-strlen-stub.o)
                0x0000000010007170                strlen
 *(.fini)
 .fini          0x00000000100071d8        0x4 /usr/lib/gcc/arm-none-eabi/9.2.1/thumb/v6-m/nofp/crti.o
                0x00000000100071d8                _fini
 *fill*         0x00000000100071dc        0x4 
 .fini.__stub   0x00000000100071e0       0x70 linker stubs
 *crtbegin.o(.ctors)
 *crtbegin?.o(.ctors)
 *(EXCLUDE_FILE(*crtend.o *crtend?.o) .ctors)
 *(SORT_BY_NAME(.ctors.*))
 *(.ctors)
 *crtbegin.o(.dtors)
 *crtbegin?.o(.dtors)
 *(EXCLUDE_FILE(*crtend.o *crtend?.o) .dtors)
 *(SORT_BY_NAME(.dtors.*))
 *(.dtors)
 *(.eh_frame*)
 .eh_frame      0x0000000010007250        0x0 /usr/lib/gcc/arm-none-eabi/9.2.1/thumb/v6-m/nofp/crtbegin.o
                0x0000000010007250                . = ALIGN (0x4)

.glue_7         0x0000000010007250        0x0
 .glue_7        0x0000000010007250        0x0 linker stubs

.glue_7t        0x0000000010007250        0x0
 .glue_7t       0x0000000010007250        0x0 linker stubs

.vfp11_veneer   0x0000000010007250        0x0
 .vfp11_veneer  0x0000000010007250        0x0 linker stubs

.v4_bx          0x0000000010007250        0x0
 .v4_bx         0x0000000010007250        0x0 linker stubs

.iplt           0x0000000010007250        0x0
 .iplt          0x0000000010007250        0x0 /usr/lib/gcc/arm-none-eabi/9.2.1/thumb/v6-m/nofp/crtbegin.o

.rodata         0x0000000010007250    0x1c83c
 *(EXCLUDE_FILE(*libm.a: *libc.a:*lib_a-mem*.o *libgcc.a:) .rodata*)
 .rodata.main.str1.4
                0x0000000010007250      0x120 CMakeFiles/dma_spi.dir/dma_spi.c.obj
 .rodata.img_arr
                0x0000000010007370    0x1c200 CMakeFiles/dma_spi.dir/image.c.obj
                0x0000000010007370                img_arr
 .rodata.spin_lock_claim_unused.str1.4
                0x0000000010023570       0x1b CMakeFiles/dma_spi.dir/home/debjit/rpi-pico/pico-sdk/src/rp2_common/hardware_sync/sync.c.obj
 *fill*         0x000000001002358b        0x1 
 .rodata.hardware_alarm_claim.str1.4
                0x000000001002358c       0x22 CMakeFiles/dma_spi.dir/home/debjit/rpi-pico/pico-sdk/src/rp2_common/hardware_timer/timer.c.obj
 *fill*         0x00000000100235ae        0x2 
 .rodata.panic.str1.4
                0x00000000100235b0       0x12 CMakeFiles/dma_spi.dir/home/debjit/rpi-pico/pico-sdk/src/rp2_common/pico_runtime/runtime.c.obj
 *fill*         0x00000000100235c2        0x2 
 .rodata.hard_assertion_failure.str1.4
                0x00000000100235c4        0xc CMakeFiles/dma_spi.dir/home/debjit/rpi-pico/pico-sdk/src/rp2_common/pico_runtime/runtime.c.obj
 .rodata._ftoa.str1.4
                0x00000000100235d0       0x15 CMakeFiles/dma_spi.dir/home/debjit/rpi-pico/pico-sdk/src/rp2_common/pico_printf/printf.c.obj
 *fill*         0x00000000100235e5        0x3 
 .rodata._vsnprintf
                0x00000000100235e8      0x1e0 CMakeFiles/dma_spi.dir/home/debjit/rpi-pico/pico-sdk/src/rp2_common/pico_printf/printf.c.obj
 .rodata.pow10.5435
                0x00000000100237c8       0x50 CMakeFiles/dma_spi.dir/home/debjit/rpi-pico/pico-sdk/src/rp2_common/pico_printf/printf.c.obj
 .rodata.str1.4
                0x0000000010023818       0x3c CMakeFiles/dma_spi.dir/home/debjit/rpi-pico/pico-sdk/src/rp2_common/pico_standard_link/binary_info.c.obj
 .rodata.__bi_44
                0x0000000010023854        0xc CMakeFiles/dma_spi.dir/home/debjit/rpi-pico/pico-sdk/src/rp2_common/pico_standard_link/binary_info.c.obj
 .rodata.__bi_75
                0x0000000010023860        0xc CMakeFiles/dma_spi.dir/home/debjit/rpi-pico/pico-sdk/src/rp2_common/pico_standard_link/binary_info.c.obj
 .rodata.__bi_81
                0x000000001002386c        0xc CMakeFiles/dma_spi.dir/home/debjit/rpi-pico/pico-sdk/src/rp2_common/pico_standard_link/binary_info.c.obj
 .rodata.crlf_str.5904
                0x0000000010023878        0x2 CMakeFiles/dma_spi.dir/home/debjit/rpi-pico/pico-sdk/src/rp2_common/pico_stdio/stdio.c.obj
 *fill*         0x000000001002387a        0x2 
 .rodata._resetd_driver
                0x000000001002387c       0x18 CMakeFiles/dma_spi.dir/home/debjit/rpi-pico/pico-sdk/src/rp2_common/pico_stdio_usb/reset_interface.c.obj
 .rodata.str1.4
                0x0000000010023894       0x13 CMakeFiles/dma_spi.dir/home/debjit/rpi-pico/pico-sdk/src/rp2_common/pico_stdio_usb/stdio_usb.c.obj
 *fill*         0x00000000100238a7        0x1 
 .rodata.__bi_93.7182
                0x00000000100238a8        0xc CMakeFiles/dma_spi.dir/home/debjit/rpi-pico/pico-sdk/src/rp2_common/pico_stdio_usb/stdio_usb.c.obj
 .rodata.str1.4
                0x00000000100238b4       0x2a CMakeFiles/dma_spi.dir/home/debjit/rpi-pico/pico-sdk/src/rp2_common/pico_stdio_usb/stdio_usb_descriptors.c.obj
 *fill*         0x00000000100238de        0x2 
 .rodata.usbd_desc_cfg
                0x00000000100238e0       0x54 CMakeFiles/dma_spi.dir/home/debjit/rpi-pico/pico-sdk/src/rp2_common/pico_stdio_usb/stdio_usb_descriptors.c.obj
 .rodata.usbd_desc_device
                0x0000000010023934       0x12 CMakeFiles/dma_spi.dir/home/debjit/rpi-pico/pico-sdk/src/rp2_common/pico_stdio_usb/stdio_usb_descriptors.c.obj
 *fill*         0x0000000010023946        0x2 
 .rodata.usbd_desc_str
                0x0000000010023948       0x18 CMakeFiles/dma_spi.dir/home/debjit/rpi-pico/pico-sdk/src/rp2_common/pico_stdio_usb/stdio_usb_descriptors.c.obj
 .rodata.dcd_rp2040_irq.str1.4
                0x0000000010023960       0x14 CMakeFiles/dma_spi.dir/home/debjit/rpi-pico/pico-sdk/lib/tinyusb/src/portable/raspberrypi/rp2040/dcd_rp2040.c.obj
 .rodata._hw_endpoint_buffer_control_update32.part.0.str1.4
                0x0000000010023974       0x1f CMakeFiles/dma_spi.dir/home/debjit/rpi-pico/pico-sdk/lib/tinyusb/src/portable/raspberrypi/rp2040/rp2040_usb.c.obj
 *fill*         0x0000000010023993        0x1 
 .rodata.hw_endpoint_xfer_continue.str1.4
                0x0000000010023994       0x29 CMakeFiles/dma_spi.dir/home/debjit/rpi-pico/pico-sdk/lib/tinyusb/src/portable/raspberrypi/rp2040/rp2040_usb.c.obj
 *fill*         0x00000000100239bd        0x3 
 .rodata.str1.4
                0x00000000100239c0        0x7 CMakeFiles/dma_spi.dir/home/debjit/rpi-pico/pico-sdk/lib/tinyusb/src/portable/raspberrypi/rp2040/rp2040_usb.c.obj
 *fill*         0x00000000100239c7        0x1 
 .rodata.tud_task
                0x00000000100239c8       0x8c CMakeFiles/dma_spi.dir/home/debjit/rpi-pico/pico-sdk/lib/tinyusb/src/device/usbd.c.obj
 .rodata._usbd_driver
                0x0000000010023a54       0x18 CMakeFiles/dma_spi.dir/home/debjit/rpi-pico/pico-sdk/lib/tinyusb/src/device/usbd.c.obj
 .rodata.dma_claim_unused_channel.str1.4
                0x0000000010023a6c       0x1e CMakeFiles/dma_spi.dir/home/debjit/rpi-pico/pico-sdk/src/rp2_common/hardware_dma/dma.c.obj
                0x0000000010023a8c                . = ALIGN (0x4)
 *fill*         0x0000000010023a8a        0x2 
 *(SORT_BY_ALIGNMENT(SORT_BY_NAME(.flashdata*)))
                0x0000000010023a8c                . = ALIGN (0x4)

.rel.dyn        0x0000000010023a8c        0x0
 .rel.iplt      0x0000000010023a8c        0x0 /usr/lib/gcc/arm-none-eabi/9.2.1/thumb/v6-m/nofp/crtbegin.o

.ARM.extab
 *(.ARM.extab* .gnu.linkonce.armextab.*)
                0x0000000010023a8c                __exidx_start = .

.ARM.exidx
 *(.ARM.exidx* .gnu.linkonce.armexidx.*)
                0x0000000010023a8c                __exidx_end = .
                0x0000000010023a8c                . = ALIGN (0x4)
                0x0000000010023a8c                __binary_info_start = .

.binary_info    0x0000000010023a8c       0x20
 *(.binary_info.keep.*)
 .binary_info.keep.__bi_ptr22
                0x0000000010023a8c        0x4 CMakeFiles/dma_spi.dir/home/debjit/rpi-pico/pico-sdk/src/rp2_common/pico_standard_link/binary_info.c.obj
 .binary_info.keep.__bi_ptr30
                0x0000000010023a90        0x4 CMakeFiles/dma_spi.dir/home/debjit/rpi-pico/pico-sdk/src/rp2_common/pico_standard_link/binary_info.c.obj
 .binary_info.keep.__bi_ptr38
                0x0000000010023a94        0x4 CMakeFiles/dma_spi.dir/home/debjit/rpi-pico/pico-sdk/src/rp2_common/pico_standard_link/binary_info.c.obj
 .binary_info.keep.__bi_ptr44
                0x0000000010023a98        0x4 CMakeFiles/dma_spi.dir/home/debjit/rpi-pico/pico-sdk/src/rp2_common/pico_standard_link/binary_info.c.obj
 .binary_info.keep.__bi_ptr50
                0x0000000010023a9c        0x4 CMakeFiles/dma_spi.dir/home/debjit/rpi-pico/pico-sdk/src/rp2_common/pico_standard_link/binary_info.c.obj
 .binary_info.keep.__bi_ptr75
                0x0000000010023aa0        0x4 CMakeFiles/dma_spi.dir/home/debjit/rpi-pico/pico-sdk/src/rp2_common/pico_standard_link/binary_info.c.obj
 .binary_info.keep.__bi_ptr81
                0x0000000010023aa4        0x4 CMakeFiles/dma_spi.dir/home/debjit/rpi-pico/pico-sdk/src/rp2_common/pico_standard_link/binary_info.c.obj
 *(.binary_info.*)
 .binary_info.__bi_ptr93
                0x0000000010023aa8        0x4 CMakeFiles/dma_spi.dir/home/debjit/rpi-pico/pico-sdk/src/rp2_common/pico_stdio_usb/stdio_usb.c.obj
                0x0000000010023aac                __binary_info_end = .
                0x0000000010023aac                . = ALIGN (0x4)
                0x0000000010023aac                __etext = .

.ram_vector_table
                0x0000000020000000       0xc0
 *(.ram_vector_table)
 .ram_vector_table
                0x0000000020000000       0xc0 CMakeFiles/dma_spi.dir/home/debjit/rpi-pico/pico-sdk/src/rp2_common/pico_runtime/runtime.c.obj
                0x0000000020000000                ram_vector_table

.data           0x00000000200000c0      0x3c0 load address 0x0000000010023aac
                0x00000000200000c0                __data_start__ = .
 *(vtable)
 *(.time_critical*)
 .time_critical.mutex_enter_blocking
                0x00000000200000c0       0x48 CMakeFiles/dma_spi.dir/home/debjit/rpi-pico/pico-sdk/src/common/pico_sync/mutex.c.obj
                0x00000000200000c0                mutex_enter_blocking
 .time_critical.mutex_try_enter
                0x0000000020000108       0x48 CMakeFiles/dma_spi.dir/home/debjit/rpi-pico/pico-sdk/src/common/pico_sync/mutex.c.obj
                0x0000000020000108                mutex_try_enter
 .time_critical.mutex_enter_timeout_ms
                0x0000000020000150       0x98 CMakeFiles/dma_spi.dir/home/debjit/rpi-pico/pico-sdk/src/common/pico_sync/mutex.c.obj
                0x0000000020000150                mutex_enter_timeout_ms
 .time_critical.mutex_exit
                0x00000000200001e8       0x28 CMakeFiles/dma_spi.dir/home/debjit/rpi-pico/pico-sdk/src/common/pico_sync/mutex.c.obj
                0x00000000200001e8                mutex_exit
 .time_critical.flash_init_boot2_copyout
                0x0000000020000210       0x30 CMakeFiles/dma_spi.dir/home/debjit/rpi-pico/pico-sdk/src/rp2_common/hardware_flash/flash.c.obj
 .time_critical.flash_enable_xip_via_boot2
                0x0000000020000240       0x10 CMakeFiles/dma_spi.dir/home/debjit/rpi-pico/pico-sdk/src/rp2_common/hardware_flash/flash.c.obj
 .time_critical.flash_cs_force
                0x0000000020000250       0x38 CMakeFiles/dma_spi.dir/home/debjit/rpi-pico/pico-sdk/src/rp2_common/hardware_flash/flash.c.obj
 .time_critical.flash_do_cmd
                0x0000000020000288       0xc4 CMakeFiles/dma_spi.dir/home/debjit/rpi-pico/pico-sdk/src/rp2_common/hardware_flash/flash.c.obj
                0x0000000020000288                flash_do_cmd
 *(.text*)
 .text          0x000000002000034c        0x4 /usr/lib/gcc/arm-none-eabi/9.2.1/thumb/v6-m/nofp/libgcc.a(_dvmd_tls.o)
                0x000000002000034c                __aeabi_ldiv0
                0x000000002000034c                __aeabi_idiv0
 .text.__stub   0x0000000020000350       0x30 linker stubs
                0x0000000020000380                . = ALIGN (0x4)
 *(.rodata*)
                0x0000000020000380                . = ALIGN (0x4)
 *(.data*)
 .data.striped_spin_lock_num
                0x0000000020000380        0x1 CMakeFiles/dma_spi.dir/home/debjit/rpi-pico/pico-sdk/src/rp2_common/hardware_sync/sync.c.obj
 *fill*         0x0000000020000381        0x3 
 .data.default_alarm_pool
                0x0000000020000384       0x18 CMakeFiles/dma_spi.dir/home/debjit/rpi-pico/pico-sdk/src/common/pico_time/time.c.obj
 .data.default_alarm_pool_heap
                0x000000002000039c       0x10 CMakeFiles/dma_spi.dir/home/debjit/rpi-pico/pico-sdk/src/common/pico_time/time.c.obj
 .data          0x00000000200003ac       0x48 CMakeFiles/dma_spi.dir/home/debjit/rpi-pico/pico-sdk/src/rp2_common/hardware_irq/irq_handler_chain.S.obj
                0x00000000200003ac                irq_handler_chain_slots
                0x00000000200003dc                irq_handler_chain_first_slot
                0x00000000200003e6                irq_handler_chain_remove_tail
 *fill*         0x00000000200003f4        0xc 
 .data.aeabi_bits_funcs
                0x0000000020000400       0x10 CMakeFiles/dma_spi.dir/home/debjit/rpi-pico/pico-sdk/src/rp2_common/pico_bit_ops/bit_ops_aeabi.S.obj
                0x0000000020000400                aeabi_bits_funcs
                0x0000000020000410                aeabi_bits_funcs_end
 .data.aeabi_mem_funcs
                0x0000000020000410       0x10 CMakeFiles/dma_spi.dir/home/debjit/rpi-pico/pico-sdk/src/rp2_common/pico_mem_ops/mem_ops_aeabi.S.obj
                0x0000000020000410                aeabi_mem_funcs
                0x0000000020000420                aeabi_mem_funcs_end
 .data.stdio_usb
                0x0000000020000420       0x14 CMakeFiles/dma_spi.dir/home/debjit/rpi-pico/pico-sdk/src/rp2_common/pico_stdio_usb/stdio_usb.c.obj
                0x0000000020000420                stdio_usb
 .data.ep_dir_string
                0x0000000020000434        0x8 CMakeFiles/dma_spi.dir/home/debjit/rpi-pico/pico-sdk/lib/tinyusb/src/portable/raspberrypi/rp2040/rp2040_usb.c.obj
                0x0000000020000434                ep_dir_string
 .data._usbd_qdef
                0x000000002000043c       0x24 CMakeFiles/dma_spi.dir/home/debjit/rpi-pico/pico-sdk/lib/tinyusb/src/device/usbd.c.obj
                0x000000002000043c                _usbd_qdef
                0x0000000020000460                . = ALIGN (0x4)
 *(.after_data.*)
                0x0000000020000460                . = ALIGN (0x4)
                0x0000000020000460                PROVIDE (__mutex_array_start = .)
 *(SORT_BY_NAME(.mutex_array.*))
 *(.mutex_array)
 .mutex_array   0x0000000020000460        0x8 CMakeFiles/dma_spi.dir/home/debjit/rpi-pico/pico-sdk/src/rp2_common/pico_stdio/stdio.c.obj
                0x0000000020000468                PROVIDE (__mutex_array_end = .)
                0x0000000020000468                . = ALIGN (0x4)
                0x0000000020000468                PROVIDE (__preinit_array_start = .)
 *(SORT_BY_NAME(.preinit_array.*))
 .preinit_array.00001
                0x0000000020000468        0x4 CMakeFiles/dma_spi.dir/home/debjit/rpi-pico/pico-sdk/src/rp2_common/pico_mem_ops/mem_ops_aeabi.S.obj
 .preinit_array.00010
                0x000000002000046c        0x4 CMakeFiles/dma_spi.dir/home/debjit/rpi-pico/pico-sdk/src/rp2_common/pico_bit_ops/bit_ops_aeabi.S.obj
 .preinit_array.00020
                0x0000000020000470        0x4 CMakeFiles/dma_spi.dir/home/debjit/rpi-pico/pico-sdk/src/rp2_common/pico_double/double_aeabi.S.obj
 .preinit_array.00020
                0x0000000020000474        0x4 CMakeFiles/dma_spi.dir/home/debjit/rpi-pico/pico-sdk/src/rp2_common/pico_float/float_aeabi.S.obj
 *(.preinit_array)
                0x0000000020000478                PROVIDE (__preinit_array_end = .)
                0x0000000020000478                . = ALIGN (0x4)
                0x0000000020000478                PROVIDE (__init_array_start = .)
 *(SORT_BY_NAME(.init_array.*))
 *(.init_array)
 .init_array    0x0000000020000478        0x4 /usr/lib/gcc/arm-none-eabi/9.2.1/thumb/v6-m/nofp/crtbegin.o
 .init_array    0x000000002000047c        0x4 CMakeFiles/dma_spi.dir/home/debjit/rpi-pico/pico-sdk/src/rp2_common/pico_unique_id/unique_id.c.obj
                0x0000000020000480                PROVIDE (__init_array_end = .)
                0x0000000020000480                . = ALIGN (0x4)
                0x0000000020000480                PROVIDE (__fini_array_start = .)
 *(SORT_BY_NAME(.fini_array.*))
 *(.fini_array)
                0x0000000020000480                PROVIDE (__fini_array_end = .)
 *(.jcr)
                0x0000000020000480                . = ALIGN (0x4)
                0x0000000020000480                __data_end__ = .

.tm_clone_table
                0x0000000020000480        0x0 load address 0x0000000010023e6c
 .tm_clone_table
                0x0000000020000480        0x0 /usr/lib/gcc/arm-none-eabi/9.2.1/thumb/v6-m/nofp/crtbegin.o
 .tm_clone_table
                0x0000000020000480        0x0 /usr/lib/gcc/arm-none-eabi/9.2.1/thumb/v6-m/nofp/crtend.o

.igot.plt       0x0000000020000480        0x0 load address 0x0000000010023e6c
 .igot.plt      0x0000000020000480        0x0 /usr/lib/gcc/arm-none-eabi/9.2.1/thumb/v6-m/nofp/crtbegin.o

.uninitialized_data
                0x0000000020000480        0x0 load address 0x0000000010023e6c
                0x0000000020000480                . = ALIGN (0x4)
 *(.uninitialized_data*)

.scratch_x      0x0000000020040000        0x0 load address 0x0000000010023e6c
                0x0000000020040000                __scratch_x_start__ = .
 *(.scratch_x.*)
                0x0000000020040000                . = ALIGN (0x4)
                0x0000000020040000                __scratch_x_end__ = .
                0x0000000010023e6c                __scratch_x_source__ = LOADADDR (.scratch_x)

.scratch_y      0x0000000020041000        0x0 load address 0x0000000010023e6c
                0x0000000020041000                __scratch_y_start__ = .
 *(.scratch_y.*)
                0x0000000020041000                . = ALIGN (0x4)
                0x0000000020041000                __scratch_y_end__ = .
                0x0000000010023e6c                __scratch_y_source__ = LOADADDR (.scratch_y)

.bss            0x0000000020000480      0xd84
                0x0000000020000480                . = ALIGN (0x4)
                0x0000000020000480                __bss_start__ = .
 *(SORT_BY_ALIGNMENT(SORT_BY_NAME(.bss*)))
 .bss.default_alarm_pool_entries
                0x0000000020000480      0x100 CMakeFiles/dma_spi.dir/home/debjit/rpi-pico/pico-sdk/src/common/pico_time/time.c.obj
 .bss.last_avail_time.7161
                0x0000000020000580        0x8 CMakeFiles/dma_spi.dir/home/debjit/rpi-pico/pico-sdk/src/rp2_common/pico_stdio_usb/stdio_usb.c.obj
 .bss           0x0000000020000588       0x1c /usr/lib/gcc/arm-none-eabi/9.2.1/thumb/v6-m/nofp/crtbegin.o
 .bss._app_driver
                0x00000000200005a4        0x4 CMakeFiles/dma_spi.dir/home/debjit/rpi-pico/pico-sdk/lib/tinyusb/src/device/usbd.c.obj
 .bss._cdcd_itf
                0x00000000200005a8      0x2d8 CMakeFiles/dma_spi.dir/home/debjit/rpi-pico/pico-sdk/lib/tinyusb/src/class/cdc/cdc_device.c.obj
 .bss._ctrl_xfer
                0x0000000020000880       0x14 CMakeFiles/dma_spi.dir/home/debjit/rpi-pico/pico-sdk/lib/tinyusb/src/device/usbd_control.c.obj
 .bss._ubsd_mutexdef
                0x0000000020000894        0x8 CMakeFiles/dma_spi.dir/home/debjit/rpi-pico/pico-sdk/lib/tinyusb/src/device/usbd.c.obj
 .bss._usbd_ctrl_buf
                0x000000002000089c       0x40 CMakeFiles/dma_spi.dir/home/debjit/rpi-pico/pico-sdk/lib/tinyusb/src/device/usbd_control.c.obj
 .bss._usbd_dev
                0x00000000200008dc       0x53 CMakeFiles/dma_spi.dir/home/debjit/rpi-pico/pico-sdk/lib/tinyusb/src/device/usbd.c.obj
 *fill*         0x000000002000092f        0x1 
 .bss._usbd_mutex
                0x0000000020000930        0x4 CMakeFiles/dma_spi.dir/home/debjit/rpi-pico/pico-sdk/lib/tinyusb/src/device/usbd.c.obj
 .bss._usbd_q   0x0000000020000934        0x4 CMakeFiles/dma_spi.dir/home/debjit/rpi-pico/pico-sdk/lib/tinyusb/src/device/usbd.c.obj
 .bss.alarm_callbacks
                0x0000000020000938       0x10 CMakeFiles/dma_spi.dir/home/debjit/rpi-pico/pico-sdk/src/rp2_common/hardware_timer/timer.c.obj
 .bss.boot2_copyout
                0x0000000020000948      0x100 CMakeFiles/dma_spi.dir/home/debjit/rpi-pico/pico-sdk/src/rp2_common/hardware_flash/flash.c.obj
 .bss.claimed   0x0000000020000a48        0x4 CMakeFiles/dma_spi.dir/home/debjit/rpi-pico/pico-sdk/src/rp2_common/hardware_sync/sync.c.obj
 .bss.configured_freq
                0x0000000020000a4c       0x28 CMakeFiles/dma_spi.dir/home/debjit/rpi-pico/pico-sdk/src/rp2_common/hardware_clocks/clocks.c.obj
 .bss.default_alarm_pool_entry_ids_high
                0x0000000020000a74       0x10 CMakeFiles/dma_spi.dir/home/debjit/rpi-pico/pico-sdk/src/common/pico_time/time.c.obj
 .bss.default_alarm_pool_heap_nodes
                0x0000000020000a84       0x30 CMakeFiles/dma_spi.dir/home/debjit/rpi-pico/pico-sdk/src/common/pico_time/time.c.obj
 .bss.desc_str.7060
                0x0000000020000ab4       0x28 CMakeFiles/dma_spi.dir/home/debjit/rpi-pico/pico-sdk/src/rp2_common/pico_stdio_usb/stdio_usb_descriptors.c.obj
 .bss.drivers   0x0000000020000adc        0x4 CMakeFiles/dma_spi.dir/home/debjit/rpi-pico/pico-sdk/src/rp2_common/pico_stdio/stdio.c.obj
 .bss.filter    0x0000000020000ae0        0x4 CMakeFiles/dma_spi.dir/home/debjit/rpi-pico/pico-sdk/src/rp2_common/pico_stdio/stdio.c.obj
 .bss.hw_endpoints
                0x0000000020000ae4      0x400 CMakeFiles/dma_spi.dir/home/debjit/rpi-pico/pico-sdk/lib/tinyusb/src/portable/raspberrypi/rp2040/dcd_rp2040.c.obj
 .bss.lazy_vsnprintf
                0x0000000020000ee4        0x4 CMakeFiles/dma_spi.dir/home/debjit/rpi-pico/pico-sdk/src/rp2_common/pico_printf/printf.c.obj
 .bss.load_value
                0x0000000020000ee8        0x4 CMakeFiles/dma_spi.dir/home/debjit/rpi-pico/pico-sdk/src/rp2_common/hardware_watchdog/watchdog.c.obj
 .bss.next_buffer_ptr
                0x0000000020000eec        0x4 CMakeFiles/dma_spi.dir/home/debjit/rpi-pico/pico-sdk/lib/tinyusb/src/portable/raspberrypi/rp2040/dcd_rp2040.c.obj
 .bss.pools     0x0000000020000ef0       0x10 CMakeFiles/dma_spi.dir/home/debjit/rpi-pico/pico-sdk/src/common/pico_time/time.c.obj
 .bss.retrieved_id
                0x0000000020000f00        0x8 CMakeFiles/dma_spi.dir/home/debjit/rpi-pico/pico-sdk/src/rp2_common/pico_unique_id/unique_id.c.obj
 .bss.sf_clz_func
                0x0000000020000f08        0x4 CMakeFiles/dma_spi.dir/home/debjit/rpi-pico/pico-sdk/src/rp2_common/pico_double/double_init_rom.c.obj
                0x0000000020000f08                sf_clz_func
 .bss.sleep_notifier
                0x0000000020000f0c        0x4 CMakeFiles/dma_spi.dir/home/debjit/rpi-pico/pico-sdk/src/common/pico_time/time.c.obj
 .bss.stdio_usb_mutex
                0x0000000020000f10        0x8 CMakeFiles/dma_spi.dir/home/debjit/rpi-pico/pico-sdk/src/rp2_common/pico_stdio_usb/stdio_usb.c.obj
 .bss.target_hi
                0x0000000020000f18       0x10 CMakeFiles/dma_spi.dir/home/debjit/rpi-pico/pico-sdk/src/rp2_common/hardware_timer/timer.c.obj
 .bss.usbd_serial_str
                0x0000000020000f28       0x11 CMakeFiles/dma_spi.dir/home/debjit/rpi-pico/pico-sdk/src/rp2_common/pico_stdio_usb/stdio_usb_descriptors.c.obj
 *fill*         0x0000000020000f39        0x1 
 .bss._claimed  0x0000000020000f3a        0x2 CMakeFiles/dma_spi.dir/home/debjit/rpi-pico/pico-sdk/src/rp2_common/hardware_dma/dma.c.obj
 .bss._app_driver_count
                0x0000000020000f3c        0x1 CMakeFiles/dma_spi.dir/home/debjit/rpi-pico/pico-sdk/lib/tinyusb/src/device/usbd.c.obj
 .bss._usbd_initialized
                0x0000000020000f3d        0x1 CMakeFiles/dma_spi.dir/home/debjit/rpi-pico/pico-sdk/lib/tinyusb/src/device/usbd.c.obj
 .bss.boot2_copyout_valid
                0x0000000020000f3e        0x1 CMakeFiles/dma_spi.dir/home/debjit/rpi-pico/pico-sdk/src/rp2_common/hardware_flash/flash.c.obj
 .bss.claimed   0x0000000020000f3f        0x1 CMakeFiles/dma_spi.dir/home/debjit/rpi-pico/pico-sdk/src/rp2_common/hardware_timer/timer.c.obj
 .bss.irq_hander_chain_free_slot_head
                0x0000000020000f40        0x1 CMakeFiles/dma_spi.dir/home/debjit/rpi-pico/pico-sdk/src/rp2_common/hardware_irq/irq.c.obj
 .bss.itf_num   0x0000000020000f41        0x1 CMakeFiles/dma_spi.dir/home/debjit/rpi-pico/pico-sdk/src/rp2_common/pico_stdio_usb/reset_interface.c.obj
 .bss.timer_callbacks_pending
                0x0000000020000f42        0x1 CMakeFiles/dma_spi.dir/home/debjit/rpi-pico/pico-sdk/src/rp2_common/hardware_timer/timer.c.obj
 *(COMMON)
 *fill*         0x0000000020000f43        0x1 
 COMMON         0x0000000020000f44      0x100 CMakeFiles/dma_spi.dir/home/debjit/rpi-pico/pico-sdk/src/rp2_common/pico_double/double_init_rom.c.obj
                0x0000000020000f44                sd_table
 COMMON         0x0000000020001044      0x100 CMakeFiles/dma_spi.dir/home/debjit/rpi-pico/pico-sdk/src/rp2_common/pico_float/float_init_rom.c.obj
                0x0000000020001044                sf_table
 COMMON         0x0000000020001144       0xc0 CMakeFiles/dma_spi.dir/home/debjit/rpi-pico/pico-sdk/lib/tinyusb/src/device/usbd.c.obj
                0x0000000020001144                _usbd_qdef_buf
                0x0000000020001204                . = ALIGN (0x4)
                0x0000000020001204                __bss_end__ = .

.heap           0x0000000020001204      0x800
                0x0000000020001204                __end__ = .
                0x0000000020001204                end = __end__
 *(.heap*)
 .heap          0x0000000020001204      0x800 CMakeFiles/dma_spi.dir/home/debjit/rpi-pico/pico-sdk/src/rp2_common/pico_standard_link/crt0.S.obj
                0x0000000020001a04                __HeapLimit = .

.stack1_dummy   0x0000000020040000        0x0
 *(.stack1*)

.stack_dummy    0x0000000020041000      0x800
 *(.stack*)
 .stack         0x0000000020041000      0x800 CMakeFiles/dma_spi.dir/home/debjit/rpi-pico/pico-sdk/src/rp2_common/pico_standard_link/crt0.S.obj

.flash_end      0x0000000010023e6c        0x0
                0x0000000010023e6c                __flash_binary_end = .
                0x0000000020040000                __StackLimit = (ORIGIN (RAM) + LENGTH (RAM))
                0x0000000020041000                __StackOneTop = (ORIGIN (SCRATCH_X) + LENGTH (SCRATCH_X))
                0x0000000020042000                __StackTop = (ORIGIN (SCRATCH_Y) + LENGTH (SCRATCH_Y))
                0x0000000020041000                __StackOneBottom = (__StackOneTop - SIZEOF (.stack1_dummy))
                0x0000000020041800                __StackBottom = (__StackTop - SIZEOF (.stack_dummy))
                0x0000000020042000                PROVIDE (__stack = __StackTop)
                0x0000000000000001                ASSERT ((__StackLimit >= __HeapLimit), region RAM overflowed)
                0x0000000000000001                ASSERT (((__binary_info_header_end - __logical_binary_start) <= 0x100), Binary info must be in first 256 bytes of the binary)
LOAD CMakeFiles/dma_spi.dir/dma_spi.c.obj
LOAD CMakeFiles/dma_spi.dir/image.c.obj
LOAD CMakeFiles/dma_spi.dir/home/debjit/rpi-pico/pico-sdk/src/rp2_common/pico_stdlib/stdlib.c.obj
LOAD CMakeFiles/dma_spi.dir/home/debjit/rpi-pico/pico-sdk/src/rp2_common/hardware_gpio/gpio.c.obj
LOAD CMakeFiles/dma_spi.dir/home/debjit/rpi-pico/pico-sdk/src/rp2_common/hardware_claim/claim.c.obj
LOAD CMakeFiles/dma_spi.dir/home/debjit/rpi-pico/pico-sdk/src/rp2_common/pico_platform/platform.c.obj
LOAD CMakeFiles/dma_spi.dir/home/debjit/rpi-pico/pico-sdk/src/rp2_common/hardware_sync/sync.c.obj
LOAD CMakeFiles/dma_spi.dir/home/debjit/rpi-pico/pico-sdk/src/rp2_common/hardware_uart/uart.c.obj
LOAD CMakeFiles/dma_spi.dir/home/debjit/rpi-pico/pico-sdk/src/rp2_common/hardware_divider/divider.S.obj
LOAD CMakeFiles/dma_spi.dir/home/debjit/rpi-pico/pico-sdk/src/common/pico_time/time.c.obj
LOAD CMakeFiles/dma_spi.dir/home/debjit/rpi-pico/pico-sdk/src/common/pico_time/timeout_helper.c.obj
LOAD CMakeFiles/dma_spi.dir/home/debjit/rpi-pico/pico-sdk/src/rp2_common/hardware_timer/timer.c.obj
LOAD CMakeFiles/dma_spi.dir/home/debjit/rpi-pico/pico-sdk/src/common/pico_sync/sem.c.obj
LOAD CMakeFiles/dma_spi.dir/home/debjit/rpi-pico/pico-sdk/src/common/pico_sync/lock_core.c.obj
LOAD CMakeFiles/dma_spi.dir/home/debjit/rpi-pico/pico-sdk/src/common/pico_sync/mutex.c.obj
LOAD CMakeFiles/dma_spi.dir/home/debjit/rpi-pico/pico-sdk/src/common/pico_sync/critical_section.c.obj
LOAD CMakeFiles/dma_spi.dir/home/debjit/rpi-pico/pico-sdk/src/common/pico_util/datetime.c.obj
LOAD CMakeFiles/dma_spi.dir/home/debjit/rpi-pico/pico-sdk/src/common/pico_util/pheap.c.obj
LOAD CMakeFiles/dma_spi.dir/home/debjit/rpi-pico/pico-sdk/src/common/pico_util/queue.c.obj
LOAD CMakeFiles/dma_spi.dir/home/debjit/rpi-pico/pico-sdk/src/rp2_common/pico_runtime/runtime.c.obj
LOAD CMakeFiles/dma_spi.dir/home/debjit/rpi-pico/pico-sdk/src/rp2_common/hardware_clocks/clocks.c.obj
LOAD CMakeFiles/dma_spi.dir/home/debjit/rpi-pico/pico-sdk/src/rp2_common/hardware_irq/irq.c.obj
LOAD CMakeFiles/dma_spi.dir/home/debjit/rpi-pico/pico-sdk/src/rp2_common/hardware_irq/irq_handler_chain.S.obj
LOAD CMakeFiles/dma_spi.dir/home/debjit/rpi-pico/pico-sdk/src/rp2_common/hardware_pll/pll.c.obj
LOAD CMakeFiles/dma_spi.dir/home/debjit/rpi-pico/pico-sdk/src/rp2_common/hardware_vreg/vreg.c.obj
LOAD CMakeFiles/dma_spi.dir/home/debjit/rpi-pico/pico-sdk/src/rp2_common/hardware_watchdog/watchdog.c.obj
LOAD CMakeFiles/dma_spi.dir/home/debjit/rpi-pico/pico-sdk/src/rp2_common/hardware_xosc/xosc.c.obj
LOAD CMakeFiles/dma_spi.dir/home/debjit/rpi-pico/pico-sdk/src/rp2_common/pico_printf/printf.c.obj
LOAD CMakeFiles/dma_spi.dir/home/debjit/rpi-pico/pico-sdk/src/rp2_common/pico_bit_ops/bit_ops_aeabi.S.obj
LOAD CMakeFiles/dma_spi.dir/home/debjit/rpi-pico/pico-sdk/src/rp2_common/pico_bootrom/bootrom.c.obj
LOAD CMakeFiles/dma_spi.dir/home/debjit/rpi-pico/pico-sdk/src/rp2_common/pico_divider/divider.S.obj
LOAD CMakeFiles/dma_spi.dir/home/debjit/rpi-pico/pico-sdk/src/rp2_common/pico_double/double_aeabi.S.obj
LOAD CMakeFiles/dma_spi.dir/home/debjit/rpi-pico/pico-sdk/src/rp2_common/pico_double/double_init_rom.c.obj
LOAD CMakeFiles/dma_spi.dir/home/debjit/rpi-pico/pico-sdk/src/rp2_common/pico_double/double_math.c.obj
LOAD CMakeFiles/dma_spi.dir/home/debjit/rpi-pico/pico-sdk/src/rp2_common/pico_double/double_v1_rom_shim.S.obj
LOAD CMakeFiles/dma_spi.dir/home/debjit/rpi-pico/pico-sdk/src/rp2_common/pico_int64_ops/pico_int64_ops_aeabi.S.obj
LOAD CMakeFiles/dma_spi.dir/home/debjit/rpi-pico/pico-sdk/src/rp2_common/pico_float/float_aeabi.S.obj
LOAD CMakeFiles/dma_spi.dir/home/debjit/rpi-pico/pico-sdk/src/rp2_common/pico_float/float_init_rom.c.obj
LOAD CMakeFiles/dma_spi.dir/home/debjit/rpi-pico/pico-sdk/src/rp2_common/pico_float/float_math.c.obj
LOAD CMakeFiles/dma_spi.dir/home/debjit/rpi-pico/pico-sdk/src/rp2_common/pico_float/float_v1_rom_shim.S.obj
LOAD CMakeFiles/dma_spi.dir/home/debjit/rpi-pico/pico-sdk/src/rp2_common/pico_malloc/pico_malloc.c.obj
LOAD CMakeFiles/dma_spi.dir/home/debjit/rpi-pico/pico-sdk/src/rp2_common/pico_mem_ops/mem_ops_aeabi.S.obj
LOAD CMakeFiles/dma_spi.dir/home/debjit/rpi-pico/pico-sdk/src/rp2_common/pico_standard_link/crt0.S.obj
LOAD CMakeFiles/dma_spi.dir/home/debjit/rpi-pico/pico-sdk/src/rp2_common/pico_standard_link/new_delete.cpp.obj
LOAD CMakeFiles/dma_spi.dir/home/debjit/rpi-pico/pico-sdk/src/rp2_common/pico_standard_link/binary_info.c.obj
LOAD CMakeFiles/dma_spi.dir/home/debjit/rpi-pico/pico-sdk/src/rp2_common/pico_stdio/stdio.c.obj
LOAD CMakeFiles/dma_spi.dir/home/debjit/rpi-pico/pico-sdk/src/rp2_common/pico_stdio_usb/reset_interface.c.obj
LOAD CMakeFiles/dma_spi.dir/home/debjit/rpi-pico/pico-sdk/src/rp2_common/pico_stdio_usb/stdio_usb.c.obj
LOAD CMakeFiles/dma_spi.dir/home/debjit/rpi-pico/pico-sdk/src/rp2_common/pico_stdio_usb/stdio_usb_descriptors.c.obj
LOAD CMakeFiles/dma_spi.dir/home/debjit/rpi-pico/pico-sdk/lib/tinyusb/src/portable/raspberrypi/rp2040/dcd_rp2040.c.obj
LOAD CMakeFiles/dma_spi.dir/home/debjit/rpi-pico/pico-sdk/lib/tinyusb/src/portable/raspberrypi/rp2040/rp2040_usb.c.obj
LOAD CMakeFiles/dma_spi.dir/home/debjit/rpi-pico/pico-sdk/lib/tinyusb/src/device/usbd.c.obj
LOAD CMakeFiles/dma_spi.dir/home/debjit/rpi-pico/pico-sdk/lib/tinyusb/src/device/usbd_control.c.obj
LOAD CMakeFiles/dma_spi.dir/home/debjit/rpi-pico/pico-sdk/lib/tinyusb/src/class/audio/audio_device.c.obj
LOAD CMakeFiles/dma_spi.dir/home/debjit/rpi-pico/pico-sdk/lib/tinyusb/src/class/cdc/cdc_device.c.obj
LOAD CMakeFiles/dma_spi.dir/home/debjit/rpi-pico/pico-sdk/lib/tinyusb/src/class/dfu/dfu_device.c.obj
LOAD CMakeFiles/dma_spi.dir/home/debjit/rpi-pico/pico-sdk/lib/tinyusb/src/class/dfu/dfu_rt_device.c.obj
LOAD CMakeFiles/dma_spi.dir/home/debjit/rpi-pico/pico-sdk/lib/tinyusb/src/class/hid/hid_device.c.obj
LOAD CMakeFiles/dma_spi.dir/home/debjit/rpi-pico/pico-sdk/lib/tinyusb/src/class/midi/midi_device.c.obj
LOAD CMakeFiles/dma_spi.dir/home/debjit/rpi-pico/pico-sdk/lib/tinyusb/src/class/msc/msc_device.c.obj
LOAD CMakeFiles/dma_spi.dir/home/debjit/rpi-pico/pico-sdk/lib/tinyusb/src/class/net/ecm_rndis_device.c.obj
LOAD CMakeFiles/dma_spi.dir/home/debjit/rpi-pico/pico-sdk/lib/tinyusb/src/class/net/ncm_device.c.obj
LOAD CMakeFiles/dma_spi.dir/home/debjit/rpi-pico/pico-sdk/lib/tinyusb/src/class/usbtmc/usbtmc_device.c.obj
LOAD CMakeFiles/dma_spi.dir/home/debjit/rpi-pico/pico-sdk/lib/tinyusb/src/class/vendor/vendor_device.c.obj
LOAD CMakeFiles/dma_spi.dir/home/debjit/rpi-pico/pico-sdk/lib/tinyusb/src/class/video/video_device.c.obj
LOAD CMakeFiles/dma_spi.dir/home/debjit/rpi-pico/pico-sdk/lib/tinyusb/src/tusb.c.obj
LOAD CMakeFiles/dma_spi.dir/home/debjit/rpi-pico/pico-sdk/lib/tinyusb/src/common/tusb_fifo.c.obj
LOAD CMakeFiles/dma_spi.dir/home/debjit/rpi-pico/pico-sdk/src/rp2_common/pico_fix/rp2040_usb_device_enumeration/rp2040_usb_device_enumeration.c.obj
LOAD CMakeFiles/dma_spi.dir/home/debjit/rpi-pico/pico-sdk/src/rp2_common/pico_unique_id/unique_id.c.obj
LOAD CMakeFiles/dma_spi.dir/home/debjit/rpi-pico/pico-sdk/src/rp2_common/hardware_flash/flash.c.obj
LOAD CMakeFiles/dma_spi.dir/home/debjit/rpi-pico/pico-sdk/src/rp2_common/hardware_spi/spi.c.obj
LOAD CMakeFiles/dma_spi.dir/home/debjit/rpi-pico/pico-sdk/src/rp2_common/hardware_i2c/i2c.c.obj
LOAD CMakeFiles/dma_spi.dir/home/debjit/rpi-pico/pico-sdk/src/rp2_common/hardware_adc/adc.c.obj
LOAD CMakeFiles/dma_spi.dir/home/debjit/rpi-pico/pico-sdk/src/rp2_common/hardware_dma/dma.c.obj
LOAD lib/LCD/libLCD.a
LOAD lib/OLED/libOLED.a
LOAD lib/Infrared/libInfrared.a
LOAD lib/Icm20948/libIcm20948.a
LOAD lib/GUI/libGUI.a
LOAD lib/Fonts/libFonts.a
LOAD lib/Config/libConfig.a
LOAD /tmp/ccLaLuXd.o
LOAD /usr/lib/gcc/arm-none-eabi/9.2.1/../../../arm-none-eabi/lib/thumb/v6-m/nofp/libstdc++.a
LOAD /usr/lib/gcc/arm-none-eabi/9.2.1/../../../arm-none-eabi/lib/thumb/v6-m/nofp/libm.a
START GROUP
LOAD /usr/lib/gcc/arm-none-eabi/9.2.1/thumb/v6-m/nofp/libgcc.a
LOAD /usr/lib/gcc/arm-none-eabi/9.2.1/../../../arm-none-eabi/lib/thumb/v6-m/nofp/libc.a
END GROUP
START GROUP
LOAD /usr/lib/gcc/arm-none-eabi/9.2.1/thumb/v6-m/nofp/libgcc.a
LOAD /usr/lib/gcc/arm-none-eabi/9.2.1/../../../arm-none-eabi/lib/thumb/v6-m/nofp/libc.a
LOAD /usr/lib/gcc/arm-none-eabi/9.2.1/../../../arm-none-eabi/lib/thumb/v6-m/nofp/libnosys.a
END GROUP
LOAD /usr/lib/gcc/arm-none-eabi/9.2.1/thumb/v6-m/nofp/crtend.o
LOAD /usr/lib/gcc/arm-none-eabi/9.2.1/thumb/v6-m/nofp/crtn.o
OUTPUT(dma_spi.elf elf32-littlearm)
LOAD linker stubs

.ARM.attributes
                0x0000000000000000       0x28
 .ARM.attributes
                0x0000000000000000       0x1e /usr/lib/gcc/arm-none-eabi/9.2.1/thumb/v6-m/nofp/crti.o
 .ARM.attributes
                0x000000000000001e       0x2c /usr/lib/gcc/arm-none-eabi/9.2.1/thumb/v6-m/nofp/crtbegin.o
 .ARM.attributes
                0x000000000000004a       0x2c CMakeFiles/dma_spi.dir/dma_spi.c.obj
 .ARM.attributes
                0x0000000000000076       0x32 CMakeFiles/dma_spi.dir/image.c.obj
 .ARM.attributes
                0x00000000000000a8       0x2c CMakeFiles/dma_spi.dir/home/debjit/rpi-pico/pico-sdk/src/rp2_common/hardware_gpio/gpio.c.obj
 .ARM.attributes
                0x00000000000000d4       0x2c CMakeFiles/dma_spi.dir/home/debjit/rpi-pico/pico-sdk/src/rp2_common/hardware_claim/claim.c.obj
 .ARM.attributes
                0x0000000000000100       0x2c CMakeFiles/dma_spi.dir/home/debjit/rpi-pico/pico-sdk/src/rp2_common/pico_platform/platform.c.obj
 .ARM.attributes
                0x000000000000012c       0x2c CMakeFiles/dma_spi.dir/home/debjit/rpi-pico/pico-sdk/src/rp2_common/hardware_sync/sync.c.obj
 .ARM.attributes
                0x0000000000000158       0x2c CMakeFiles/dma_spi.dir/home/debjit/rpi-pico/pico-sdk/src/common/pico_time/time.c.obj
 .ARM.attributes
                0x0000000000000184       0x2c CMakeFiles/dma_spi.dir/home/debjit/rpi-pico/pico-sdk/src/rp2_common/hardware_timer/timer.c.obj
 .ARM.attributes
                0x00000000000001b0       0x2c CMakeFiles/dma_spi.dir/home/debjit/rpi-pico/pico-sdk/src/common/pico_sync/lock_core.c.obj
 .ARM.attributes
                0x00000000000001dc       0x2c CMakeFiles/dma_spi.dir/home/debjit/rpi-pico/pico-sdk/src/common/pico_sync/mutex.c.obj
 .ARM.attributes
                0x0000000000000208       0x2c CMakeFiles/dma_spi.dir/home/debjit/rpi-pico/pico-sdk/src/common/pico_sync/critical_section.c.obj
 .ARM.attributes
                0x0000000000000234       0x2c CMakeFiles/dma_spi.dir/home/debjit/rpi-pico/pico-sdk/src/common/pico_util/pheap.c.obj
 .ARM.attributes
                0x0000000000000260       0x2c CMakeFiles/dma_spi.dir/home/debjit/rpi-pico/pico-sdk/src/rp2_common/pico_runtime/runtime.c.obj
 .ARM.attributes
                0x000000000000028c       0x2c CMakeFiles/dma_spi.dir/home/debjit/rpi-pico/pico-sdk/src/rp2_common/hardware_clocks/clocks.c.obj
 .ARM.attributes
                0x00000000000002b8       0x2c CMakeFiles/dma_spi.dir/home/debjit/rpi-pico/pico-sdk/src/rp2_common/hardware_irq/irq.c.obj
 .ARM.attributes
                0x00000000000002e4       0x22 CMakeFiles/dma_spi.dir/home/debjit/rpi-pico/pico-sdk/src/rp2_common/hardware_irq/irq_handler_chain.S.obj
 .ARM.attributes
                0x0000000000000306       0x2c CMakeFiles/dma_spi.dir/home/debjit/rpi-pico/pico-sdk/src/rp2_common/hardware_pll/pll.c.obj
 .ARM.attributes
                0x0000000000000332       0x2c CMakeFiles/dma_spi.dir/home/debjit/rpi-pico/pico-sdk/src/rp2_common/hardware_watchdog/watchdog.c.obj
 .ARM.attributes
                0x000000000000035e       0x2c CMakeFiles/dma_spi.dir/home/debjit/rpi-pico/pico-sdk/src/rp2_common/hardware_xosc/xosc.c.obj
 .ARM.attributes
                0x000000000000038a       0x2c CMakeFiles/dma_spi.dir/home/debjit/rpi-pico/pico-sdk/src/rp2_common/pico_printf/printf.c.obj
 .ARM.attributes
                0x00000000000003b6       0x22 CMakeFiles/dma_spi.dir/home/debjit/rpi-pico/pico-sdk/src/rp2_common/pico_bit_ops/bit_ops_aeabi.S.obj
 .ARM.attributes
                0x00000000000003d8       0x2c CMakeFiles/dma_spi.dir/home/debjit/rpi-pico/pico-sdk/src/rp2_common/pico_bootrom/bootrom.c.obj
 .ARM.attributes
                0x0000000000000404       0x22 CMakeFiles/dma_spi.dir/home/debjit/rpi-pico/pico-sdk/src/rp2_common/pico_divider/divider.S.obj
 .ARM.attributes
                0x0000000000000426       0x22 CMakeFiles/dma_spi.dir/home/debjit/rpi-pico/pico-sdk/src/rp2_common/pico_double/double_aeabi.S.obj
 .ARM.attributes
                0x0000000000000448       0x2c CMakeFiles/dma_spi.dir/home/debjit/rpi-pico/pico-sdk/src/rp2_common/pico_double/double_init_rom.c.obj
 .ARM.attributes
                0x0000000000000474       0x22 CMakeFiles/dma_spi.dir/home/debjit/rpi-pico/pico-sdk/src/rp2_common/pico_double/double_v1_rom_shim.S.obj
 .ARM.attributes
                0x0000000000000496       0x22 CMakeFiles/dma_spi.dir/home/debjit/rpi-pico/pico-sdk/src/rp2_common/pico_int64_ops/pico_int64_ops_aeabi.S.obj
 .ARM.attributes
                0x00000000000004b8       0x22 CMakeFiles/dma_spi.dir/home/debjit/rpi-pico/pico-sdk/src/rp2_common/pico_float/float_aeabi.S.obj
 .ARM.attributes
                0x00000000000004da       0x2c CMakeFiles/dma_spi.dir/home/debjit/rpi-pico/pico-sdk/src/rp2_common/pico_float/float_init_rom.c.obj
 .ARM.attributes
                0x0000000000000506       0x22 CMakeFiles/dma_spi.dir/home/debjit/rpi-pico/pico-sdk/src/rp2_common/pico_float/float_v1_rom_shim.S.obj
 .ARM.attributes
                0x0000000000000528       0x22 CMakeFiles/dma_spi.dir/home/debjit/rpi-pico/pico-sdk/src/rp2_common/pico_mem_ops/mem_ops_aeabi.S.obj
 .ARM.attributes
                0x000000000000054a       0x22 CMakeFiles/dma_spi.dir/home/debjit/rpi-pico/pico-sdk/src/rp2_common/pico_standard_link/crt0.S.obj
 .ARM.attributes
                0x000000000000056c       0x32 CMakeFiles/dma_spi.dir/home/debjit/rpi-pico/pico-sdk/src/rp2_common/pico_standard_link/binary_info.c.obj
 .ARM.attributes
                0x000000000000059e       0x2c CMakeFiles/dma_spi.dir/home/debjit/rpi-pico/pico-sdk/src/rp2_common/pico_stdio/stdio.c.obj
 .ARM.attributes
                0x00000000000005ca       0x2c CMakeFiles/dma_spi.dir/home/debjit/rpi-pico/pico-sdk/src/rp2_common/pico_stdio_usb/reset_interface.c.obj
 .ARM.attributes
                0x00000000000005f6       0x2c CMakeFiles/dma_spi.dir/home/debjit/rpi-pico/pico-sdk/src/rp2_common/pico_stdio_usb/stdio_usb.c.obj
 .ARM.attributes
                0x0000000000000622       0x2c CMakeFiles/dma_spi.dir/home/debjit/rpi-pico/pico-sdk/src/rp2_common/pico_stdio_usb/stdio_usb_descriptors.c.obj
 .ARM.attributes
                0x000000000000064e       0x2c CMakeFiles/dma_spi.dir/home/debjit/rpi-pico/pico-sdk/lib/tinyusb/src/portable/raspberrypi/rp2040/dcd_rp2040.c.obj
 .ARM.attributes
                0x000000000000067a       0x2c CMakeFiles/dma_spi.dir/home/debjit/rpi-pico/pico-sdk/lib/tinyusb/src/portable/raspberrypi/rp2040/rp2040_usb.c.obj
 .ARM.attributes
                0x00000000000006a6       0x2c CMakeFiles/dma_spi.dir/home/debjit/rpi-pico/pico-sdk/lib/tinyusb/src/device/usbd.c.obj
 .ARM.attributes
                0x00000000000006d2       0x2c CMakeFiles/dma_spi.dir/home/debjit/rpi-pico/pico-sdk/lib/tinyusb/src/device/usbd_control.c.obj
 .ARM.attributes
                0x00000000000006fe       0x2c CMakeFiles/dma_spi.dir/home/debjit/rpi-pico/pico-sdk/lib/tinyusb/src/class/cdc/cdc_device.c.obj
 .ARM.attributes
                0x000000000000072a       0x2c CMakeFiles/dma_spi.dir/home/debjit/rpi-pico/pico-sdk/lib/tinyusb/src/tusb.c.obj
 .ARM.attributes
                0x0000000000000756       0x2c CMakeFiles/dma_spi.dir/home/debjit/rpi-pico/pico-sdk/lib/tinyusb/src/common/tusb_fifo.c.obj
 .ARM.attributes
                0x0000000000000782       0x2c CMakeFiles/dma_spi.dir/home/debjit/rpi-pico/pico-sdk/src/rp2_common/pico_unique_id/unique_id.c.obj
 .ARM.attributes
                0x00000000000007ae       0x2c CMakeFiles/dma_spi.dir/home/debjit/rpi-pico/pico-sdk/src/rp2_common/hardware_flash/flash.c.obj
 .ARM.attributes
                0x00000000000007da       0x2c CMakeFiles/dma_spi.dir/home/debjit/rpi-pico/pico-sdk/src/rp2_common/hardware_spi/spi.c.obj
 .ARM.attributes
                0x0000000000000806       0x2c CMakeFiles/dma_spi.dir/home/debjit/rpi-pico/pico-sdk/src/rp2_common/hardware_dma/dma.c.obj
 .ARM.attributes
                0x0000000000000832       0x22 /tmp/ccLaLuXd.o
 .ARM.attributes
                0x0000000000000854       0x1e /usr/lib/gcc/arm-none-eabi/9.2.1/thumb/v6-m/nofp/libgcc.a(_dvmd_tls.o)
 .ARM.attributes
                0x0000000000000872       0x2c /usr/lib/gcc/arm-none-eabi/9.2.1/../../../arm-none-eabi/lib/thumb/v6-m/nofp/libc.a(lib_a-strlen-stub.o)
 .ARM.attributes
                0x000000000000089e       0x2c /usr/lib/gcc/arm-none-eabi/9.2.1/thumb/v6-m/nofp/crtend.o

.comment        0x0000000000000000       0xa7
 .comment       0x0000000000000000       0x59 /usr/lib/gcc/arm-none-eabi/9.2.1/thumb/v6-m/nofp/crtbegin.o
                                         0x5a (size before relaxing)
 .comment       0x0000000000000059       0x5a CMakeFiles/dma_spi.dir/dma_spi.c.obj
 .comment       0x0000000000000059       0x5a CMakeFiles/dma_spi.dir/image.c.obj
 .comment       0x0000000000000059       0x5a CMakeFiles/dma_spi.dir/home/debjit/rpi-pico/pico-sdk/src/rp2_common/hardware_gpio/gpio.c.obj
 .comment       0x0000000000000059       0x5a CMakeFiles/dma_spi.dir/home/debjit/rpi-pico/pico-sdk/src/rp2_common/hardware_claim/claim.c.obj
 .comment       0x0000000000000059       0x5a CMakeFiles/dma_spi.dir/home/debjit/rpi-pico/pico-sdk/src/rp2_common/pico_platform/platform.c.obj
 .comment       0x0000000000000059       0x5a CMakeFiles/dma_spi.dir/home/debjit/rpi-pico/pico-sdk/src/rp2_common/hardware_sync/sync.c.obj
 .comment       0x0000000000000059       0x5a CMakeFiles/dma_spi.dir/home/debjit/rpi-pico/pico-sdk/src/common/pico_time/time.c.obj
 .comment       0x0000000000000059       0x5a CMakeFiles/dma_spi.dir/home/debjit/rpi-pico/pico-sdk/src/rp2_common/hardware_timer/timer.c.obj